Component: ARM Compiler 5.06 update 3 (build 300) Tool: armlink [4d35c9]

==============================================================================

Section Cross References

    main.o(i.main) refers to drv_bsp.o(i.Drv_BspInit) for Drv_BspInit
    main.o(i.main) refers to ano_scheduler.o(i.Main_Task) for Main_Task
    main.o(i.main) refers to ano_fcdata.o(.bss) for flag
    ano_scheduler.o(i.INT_1ms_Task) refers to ano_led.o(i.LED_1ms_DRV) for LED_1ms_DRV
    ano_scheduler.o(i.INT_1ms_Task) refers to ano_scheduler.o(.data) for lt0_run_flag
    ano_scheduler.o(i.Loop_Task_0) refers to ano_flightdatacal.o(i.Fc_Sensor_Get) for Fc_Sensor_Get
    ano_scheduler.o(i.Loop_Task_0) refers to ano_sensor_basic.o(i.Sensor_Data_Prepare) for Sensor_Data_Prepare
    ano_scheduler.o(i.Loop_Task_0) refers to ano_flightdatacal.o(i.IMU_Update_Task) for IMU_Update_Task
    ano_scheduler.o(i.Loop_Task_0) refers to ano_flightdatacal.o(i.WCZ_Acc_Get_Task) for WCZ_Acc_Get_Task
    ano_scheduler.o(i.Loop_Task_0) refers to drv_gps.o(i.WCXY_Acc_Get_Task) for WCXY_Acc_Get_Task
    ano_scheduler.o(i.Loop_Task_0) refers to ano_flightctrl.o(i.Flight_State_Task) for Flight_State_Task
    ano_scheduler.o(i.Loop_Task_0) refers to ano_flightctrl.o(i.Swtich_State_Task) for Swtich_State_Task
    ano_scheduler.o(i.Loop_Task_0) refers to ano_of_decofusion.o(i.ANO_OF_Data_Prepare_Task) for ANO_OF_Data_Prepare_Task
    ano_scheduler.o(i.Loop_Task_0) refers to ano_dt.o(i.ANO_DT_Data_Exchange) for ANO_DT_Data_Exchange
    ano_scheduler.o(i.Loop_Task_0) refers to ano_rc.o(.bss) for CH_N
    ano_scheduler.o(i.Loop_Task_1) refers to ano_attctrl.o(i.Att_1level_Ctrl) for Att_1level_Ctrl
    ano_scheduler.o(i.Loop_Task_1) refers to ano_motorctrl.o(i.Motor_Ctrl_Task) for Motor_Ctrl_Task
    ano_scheduler.o(i.Loop_Task_2) refers to ano_imu.o(i.calculate_RPY) for calculate_RPY
    ano_scheduler.o(i.Loop_Task_2) refers to ano_attctrl.o(i.Att_2level_Ctrl) for Att_2level_Ctrl
    ano_scheduler.o(i.Loop_Task_2) refers to ano_rc.o(.bss) for CH_N
    ano_scheduler.o(i.Loop_Task_5) refers to ano_rc.o(i.RC_duty_task) for RC_duty_task
    ano_scheduler.o(i.Loop_Task_5) refers to ano_flightctrl.o(i.Flight_Mode_Set) for Flight_Mode_Set
    ano_scheduler.o(i.Loop_Task_5) refers to ano_flightdatacal.o(i.WCZ_Fus_Task) for WCZ_Fus_Task
    ano_scheduler.o(i.Loop_Task_5) refers to drv_gps.o(i.GPS_Data_Processing_Task) for GPS_Data_Processing_Task
    ano_scheduler.o(i.Loop_Task_5) refers to ano_altctrl.o(i.Alt_1level_Ctrl) for Alt_1level_Ctrl
    ano_scheduler.o(i.Loop_Task_5) refers to ano_altctrl.o(i.Alt_2level_Ctrl) for Alt_2level_Ctrl
    ano_scheduler.o(i.Loop_Task_5) refers to ano_of.o(i.AnoOF_DataAnl_Task) for AnoOF_DataAnl_Task
    ano_scheduler.o(i.Loop_Task_5) refers to ano_led.o(i.LED_Task2) for LED_Task2
    ano_scheduler.o(i.Loop_Task_8) refers to ano_flightctrl.o(i.one_key_take_off) for one_key_take_off
    ano_scheduler.o(i.Loop_Task_8) refers to ano_flightctrl.o(i.one_key_land) for one_key_land
    ano_scheduler.o(i.Loop_Task_8) refers to ano_flightdatacal.o(i.Mag_Update_Task) for Mag_Update_Task
    ano_scheduler.o(i.Loop_Task_8) refers to ano_flyctrl.o(i.FlyCtrl_Task) for FlyCtrl_Task
    ano_scheduler.o(i.Loop_Task_8) refers to ano_of_decofusion.o(i.ANO_OFDF_Task) for ANO_OFDF_Task
    ano_scheduler.o(i.Loop_Task_8) refers to ano_uwb.o(i.Ano_UWB_Data_Calcu_Task) for Ano_UWB_Data_Calcu_Task
    ano_scheduler.o(i.Loop_Task_8) refers to ano_locctrl.o(i.Loc_1level_Ctrl) for Loc_1level_Ctrl
    ano_scheduler.o(i.Loop_Task_8) refers to drv_openmv.o(i.OpenMV_Offline_Check) for OpenMV_Offline_Check
    ano_scheduler.o(i.Loop_Task_8) refers to ano_opmv_cbtracking_ctrl.o(i.ANO_CBTracking_Task) for ANO_CBTracking_Task
    ano_scheduler.o(i.Loop_Task_8) refers to ano_opmv_ctrl.o(i.ANO_OPMV_Ctrl_Task) for ANO_OPMV_Ctrl_Task
    ano_scheduler.o(i.Loop_Task_8) refers to ano_rc.o(.bss) for CH_N
    ano_scheduler.o(i.Loop_Task_8) refers to ano_scheduler.o(.data) for wcc
    ano_scheduler.o(i.Loop_Task_8) refers to drv_openmv.o(.bss) for opmv
    ano_scheduler.o(i.Loop_Task_9) refers to ano_power.o(i.Power_UpdateTask) for Power_UpdateTask
    ano_scheduler.o(i.Loop_Task_9) refers to drv_heating.o(i.Thermostatic_Ctrl_Task) for Thermostatic_Ctrl_Task
    ano_scheduler.o(i.Loop_Task_9) refers to ano_parameter.o(i.Ano_Parame_Write_task) for Ano_Parame_Write_task
    ano_scheduler.o(i.Main_Task) refers to ano_scheduler.o(i.Loop_Task_0) for Loop_Task_0
    ano_scheduler.o(i.Main_Task) refers to drv_bsp.o(i.GetSysRunTimeUs) for GetSysRunTimeUs
    ano_scheduler.o(i.Main_Task) refers to ano_scheduler.o(.data) for lt0_run_flag
    ano_scheduler.o(.data) refers to ano_scheduler.o(i.Loop_Task_1) for Loop_Task_1
    ano_scheduler.o(.data) refers to ano_scheduler.o(i.Loop_Task_2) for Loop_Task_2
    ano_scheduler.o(.data) refers to ano_scheduler.o(i.Loop_Task_5) for Loop_Task_5
    ano_scheduler.o(.data) refers to ano_scheduler.o(i.Loop_Task_8) for Loop_Task_8
[...]
    USBULPIDisable                           0x0000ea8d   Thumb Code    14  usb.o(i.USBULPIDisable)
    USBULPIEnable                            0x0000ea9b   Thumb Code    14  usb.o(i.USBULPIEnable)
    USBULPIRegRead                           0x0000eaa9   Thumb Code    32  usb.o(i.USBULPIRegRead)
    USBULPIRegWrite                          0x0000eac9   Thumb Code    32  usb.o(i.USBULPIRegWrite)
    WCXY_Acc_Get_Task                        0x0000eae9   Thumb Code    66  drv_gps.o(i.WCXY_Acc_Get_Task)
    WCZ_Acc_Get_Task                         0x0000eb3d   Thumb Code    34  ano_flightdatacal.o(i.WCZ_Acc_Get_Task)
    WCZ_Data_Calc                            0x0000eb6d   Thumb Code   522  ano_motioncal.o(i.WCZ_Data_Calc)
    WCZ_Data_Reset                           0x0000edc5   Thumb Code    68  ano_motioncal.o(i.WCZ_Data_Reset)
    WCZ_Fus_Task                             0x0000ee1d   Thumb Code   432  ano_flightdatacal.o(i.WCZ_Fus_Task)
    __scatterload_copy                       0x0000f06d   Thumb Code    14  handlers.o(i.__scatterload_copy)
    __scatterload_null                       0x0000f07b   Thumb Code     2  handlers.o(i.__scatterload_null)
    __scatterload_zeroinit                   0x0000f07d   Thumb Code    14  handlers.o(i.__scatterload_zeroinit)
    a2w_3d_trans                             0x0000f08d   Thumb Code    86  ano_imu.o(i.a2w_3d_trans)
    calculate_RPY                            0x0000f139   Thumb Code   276  ano_imu.o(i.calculate_RPY)
    ch_watch_dog_feed                        0x0000f2b5   Thumb Code    30  ano_rc.o(i.ch_watch_dog_feed)
    ctrl_parameter_change_task               0x0000f2d9   Thumb Code    32  ano_flightctrl.o(i.ctrl_parameter_change_task)
    data_save                                0x0000f2fd   Thumb Code    22  ano_fcdata.o(i.data_save)
    fail_safe                                0x0000f31d   Thumb Code    74  ano_rc.o(i.fail_safe)
    fail_safe_check                          0x0000f375   Thumb Code   166  ano_rc.o(i.fail_safe_check)
    fast_atan2                               0x0000f439   Thumb Code   350  ano_math.o(i.fast_atan2)
    fix_inte_filter                          0x0000f5b5   Thumb Code   128  ano_filter.o(i.fix_inte_filter)
    gps_baudrate_config                      0x0000f635   Thumb Code    32  drv_gps.o(i.gps_baudrate_config)
    gps_config                               0x0000f65d   Thumb Code    52  drv_gps.o(i.gps_config)
    h2w_2d_trans                             0x0000f69d   Thumb Code    62  ano_imu.o(i.h2w_2d_trans)
    inte_fix_filter                          0x0000fa5f   Thumb Code   138  ano_filter.o(i.inte_fix_filter)
    land_discriminat                         0x0000fae9   Thumb Code   172  ano_flightctrl.o(i.land_discriminat)
    length_limit                             0x0000fd89   Thumb Code   140  ano_math.o(i.length_limit)
    main                                     0x0000fe19   Thumb Code    18  main.o(i.main)
    motionless_check                         0x0000fe31   Thumb Code   270  ano_sensor_basic.o(i.motionless_check)
    mpu_auto_az                              0x0000ff59   Thumb Code   212  ano_sensor_basic.o(i.mpu_auto_az)
    my_abs                                   0x0001004d   Thumb Code    26  ano_math.o(i.my_abs)
    my_deadzone                              0x00010067   Thumb Code    54  ano_math.o(i.my_deadzone)
    my_sqrt                                  0x0001009d   Thumb Code    20  ano_math.o(i.my_sqrt)
    my_sqrt_reciprocal                       0x000100b1   Thumb Code    76  ano_math.o(i.my_sqrt_reciprocal)
    one_key_land                             0x00010101   Thumb Code     8  ano_flightctrl.o(i.one_key_land)
    one_key_take_off                         0x0001010d   Thumb Code    30  ano_flightctrl.o(i.one_key_take_off)
    one_key_take_off_task                    0x00010135   Thumb Code    66  ano_flightctrl.o(i.one_key_take_off_task)
    spl0601_get_calib_param                  0x00010181   Thumb Code   436  drv_spl06.o(i.spl0601_get_calib_param)
    spl0601_get_pressure                     0x0001033d   Thumb Code   214  drv_spl06.o(i.spl0601_get_pressure)
    spl0601_get_raw_pressure                 0x00010419   Thumb Code    96  drv_spl06.o(i.spl0601_get_raw_pressure)
    spl0601_get_raw_temp                     0x0001047d   Thumb Code   100  drv_spl06.o(i.spl0601_get_raw_temp)
    spl0601_get_temperature                  0x000104e5   Thumb Code   134  drv_spl06.o(i.spl0601_get_temperature)
    spl0601_rateset                          0x00010579   Thumb Code   306  drv_spl06.o(i.spl0601_rateset)
    spl0601_start_continuous                 0x000106d5   Thumb Code    16  drv_spl06.o(i.spl0601_start_continuous)
    stick_function                           0x00010735   Thumb Code   332  ano_rc.o(i.stick_function)
    stick_function_check                     0x000108b1   Thumb Code    66  ano_rc.o(i.stick_function_check)
    stick_function_check_longpress           0x000108f3   Thumb Code    38  ano_rc.o(i.stick_function_check_longpress)
    uDMAChannelAttributeDisable              0x00010919   Thumb Code    66  udma.o(i.uDMAChannelAttributeDisable)
    uDMAChannelControlSet                    0x00010961   Thumb Code    24  udma.o(i.uDMAChannelControlSet)
    uDMAChannelDisable                       0x00010981   Thumb Code    16  udma.o(i.uDMAChannelDisable)
    uDMAChannelEnable                        0x00010995   Thumb Code    16  udma.o(i.uDMAChannelEnable)
    uDMAChannelModeGet                       0x000109a9   Thumb Code    34  udma.o(i.uDMAChannelModeGet)
    uDMAChannelTransferSet                   0x000109d1   Thumb Code   124  udma.o(i.uDMAChannelTransferSet)
    unlock                                   0x00010e11   Thumb Code   536  ano_rc.o(i.unlock)
    vec_2_cross_product                      0x00011091   Thumb Code    26  ano_math.o(i.vec_2_cross_product)
    vec_2_dot_product                        0x000110ab   Thumb Code    26  ano_math.o(i.vec_2_dot_product)
    w2h_2d_trans                             0x000110c5   Thumb Code    62  ano_imu.o(i.w2h_2d_trans)
    g_pui8LangDescriptor                     0x00011104   Data           4  usb_serial_structs.o(.constdata)
    g_pui8ManufacturerString                 0x00011108   Data          36  usb_serial_structs.o(.constdata)
    g_pui8ProductString                      0x0001112c   Data          36  usb_serial_structs.o(.constdata)
    g_pui8SerialNumberString                 0x00011150   Data          18  usb_serial_structs.o(.constdata)
    g_pui8ControlInterfaceString             0x00011162   Data          44  usb_serial_structs.o(.constdata)
    g_pui8ConfigString                       0x0001118e   Data          54  usb_serial_structs.o(.constdata)
    g_ppui8StringDescriptors                 0x000111c4   Data          24  usb_serial_structs.o(.constdata)
    gps_petrol_out_config                    0x000111dc   Data          28  drv_gps.o(.constdata)
    gps_pvt_out_config                       0x000111f8   Data          90  drv_gps.o(.constdata)
    gps_rate_out_config                      0x00011252   Data          16  drv_gps.o(.constdata)
    Enter_Send                               0x00011262   Data           9  drv_gps.o(.constdata)
    fast_atan_table                          0x000113b0   Data        1028  ano_math.o(.constdata)
    g_sCDCSerConfigSection                   0x00011d50   Data           8  usbdcdc.o(.constdata)
    g_sIADSerConfigSection                   0x00011d58   Data           8  usbdcdc.o(.constdata)
    g_pui8CDCSerCommInterface                0x00011d60   Data          35  usbdcdc.o(.constdata)
    g_sCDCSerCommInterfaceSection            0x00011d84   Data           8  usbdcdc.o(.constdata)
    g_pui8CDCSerDataInterface                0x00011d8c   Data          23  usbdcdc.o(.constdata)
    g_sCDCSerDataInterfaceSection            0x00011da4   Data           8  usbdcdc.o(.constdata)
    g_pui8CDCSerDataInterfaceHS              0x00011dac   Data          23  usbdcdc.o(.constdata)
    g_sCDCSerDataInterfaceSectionHS          0x00011dc4   Data           8  usbdcdc.o(.constdata)
    g_sCDCSerConfigHeader                    0x00011dcc   Data           8  usbdcdc.o(.constdata)
    g_sCDCSerConfigHeaderHS                  0x00011dd4   Data           8  usbdcdc.o(.constdata)
    g_sCDCCompSerConfigHeader                0x00011ddc   Data           8  usbdcdc.o(.constdata)
    g_sCDCCompSerConfigHeaderHS              0x00011de4   Data           8  usbdcdc.o(.constdata)
    g_ppCDCSerConfigDescriptors              0x00011dec   Data           4  usbdcdc.o(.constdata)
    g_ppCDCSerConfigDescriptorsHS            0x00011df0   Data           4  usbdcdc.o(.constdata)
    g_pCDCCompSerConfigDescriptors           0x00011df4   Data           4  usbdcdc.o(.constdata)
    g_pCDCCompSerConfigDescriptorsHS         0x00011df8   Data           4  usbdcdc.o(.constdata)
    g_sCDCHandlers                           0x00011dfc   Data          48  usbdcdc.o(.constdata)
    Region$$Table$$Base                      0x00011f6c   Number         0  anon$$obj.o(Region$$Table)
    Region$$Table$$Limit                     0x00011f8c   Number         0  anon$$obj.o(Region$$Table)
    para_sta                                 0x20000050   Data           4  ano_parameter.o(.data)
    checkdata_to_send                        0x2000005a   Data           1  ano_dt.o(.data)
    checksum_to_send                         0x2000005b   Data           1  ano_dt.o(.data)
    flash_save_en_cnt                        0x20000060   Data           2  ano_dt.o(.data)
    chn_en_bit                               0x2000007d   Data           1  ano_rc.o(.data)
    signal_intensity                         0x2000007e   Data           2  ano_rc.o(.data)
    unlock_f                                 0x20000080   Data           2  ano_rc.o(.data)
    stick_fun_0                              0x20000082   Data           1  ano_rc.o(.data)
    unlock_time                              0x20000084   Data           2  ano_rc.o(.data)
    test_si_cnt                              0x20000086   Data           2  ano_rc.o(.data)
    cali_gyro                                0x20000088   Data           2  ano_rc.o(.data)
    cali_acc                                 0x2000008a   Data           2  ano_rc.o(.data)
    cali_surface                             0x2000008c   Data           2  ano_rc.o(.data)
    cali_mag                                 0x2000008e   Data           4  ano_rc.o(.data)
    stick_fun_1                              0x20000092   Data           1  ano_rc.o(.data)
    stick_fun_2                              0x20000093   Data           1  ano_rc.o(.data)
    stick_fun_3                              0x20000094   Data           1  ano_rc.o(.data)
    stick_fun_4                              0x20000095   Data           1  ano_rc.o(.data)
    stick_fun_5_magcali                      0x20000096   Data           1  ano_rc.o(.data)
    led_accuracy                             0x2000009c   Data           2  ano_led.o(.data)
    LED_Brightness                           0x200000a0   Data          16  ano_led.o(.data)
    g_ui32Flags                              0x200000cc   Data           4  ano_usb.o(.data)
    g_pcStatus                               0x200000d0   Data           4  ano_usb.o(.data)
    of_buf_update_flag                       0x200000d8   Data           1  ano_of_decofusion.o(.data)
    of_rot_d_degs                            0x200000dc   Data           8  ano_of_decofusion.o(.data)
    of_fus_err                               0x200000e4   Data           8  ano_of_decofusion.o(.data)
    of_fus_err_i                             0x200000ec   Data           8  ano_of_decofusion.o(.data)
    opmv_ct_sta                              0x2000013c   Data           3  ano_opmv_ctrl.o(.data)
    g_sCDCDevice                             0x20000140   Data          96  usb_serial_structs.o(.data)
    g_sRxBuffer                              0x200001a0   Data          56  usb_serial_structs.o(.data)
    g_sTxBuffer                              0x200001d8   Data          56  usb_serial_structs.o(.data)
    of_init_type                             0x20000218   Data           1  drv_bsp.o(.data)
    Voltage                                  0x2000021c   Data           4  drv_adc.o(.data)
    sbus_flag                                0x20000220   Data           1  drv_rcin.o(.data)
    U1TxInCnt                                0x20000232   Data           1  drv_uart.o(.data)
    U1TxOutCnt                               0x20000233   Data           1  drv_uart.o(.data)
    U2TxInCnt                                0x20000234   Data           1  drv_uart.o(.data)
    U2TxOutCnt                               0x20000235   Data           1  drv_uart.o(.data)
    U3TxInCnt                                0x20000236   Data           1  drv_uart.o(.data)
    U3TxOutCnt                               0x20000237   Data           1  drv_uart.o(.data)
    U4TxInCnt                                0x20000238   Data           1  drv_uart.o(.data)
    U4TxOutCnt                               0x20000239   Data           1  drv_uart.o(.data)
    U5TxInCnt                                0x2000023a   Data           1  drv_uart.o(.data)
    U5TxOutCnt                               0x2000023b   Data           1  drv_uart.o(.data)
    baro_Offset                              0x20000248   Data           4  drv_spl06.o(.data)
    alt_3                                    0x2000024c   Data           4  drv_spl06.o(.data)
    height                                   0x20000250   Data           4  drv_spl06.o(.data)
    baro_start                               0x20000254   Data           1  drv_spl06.o(.data)
    temperature                              0x20000258   Data           4  drv_spl06.o(.data)
    alt_high                                 0x2000025c   Data           4  drv_spl06.o(.data)
    baro_pressure                            0x20000260   Data           4  drv_spl06.o(.data)
    len                                      0x20000264   Data           2  drv_gps.o(.data)
    wcx_acc_use                              0x20000268   Data           4  drv_gps.o(.data)
    wcy_acc_use                              0x2000026c   Data           4  drv_gps.o(.data)
    GPS_get_cnt                              0x20000270   Data           1  drv_gps.o(.data)
    OF_STATE                                 0x20000280   Data           1  ano_of.o(.data)
    OF_QUALITY                               0x20000281   Data           1  ano_of.o(.data)
    OF_DX                                    0x20000282   Data           1  ano_of.o(.data)
    OF_DY                                    0x20000283   Data           1  ano_of.o(.data)
    OF_DX2                                   0x20000284   Data           2  ano_of.o(.data)
    OF_DY2                                   0x20000286   Data           2  ano_of.o(.data)
    OF_DX2FIX                                0x20000288   Data           2  ano_of.o(.data)
    OF_DY2FIX                                0x2000028a   Data           2  ano_of.o(.data)
    OF_ALT                                   0x2000028c   Data           2  ano_of.o(.data)
    OF_ALT2                                  0x2000028e   Data           2  ano_of.o(.data)
    OF_GYR_X                                 0x20000290   Data           2  ano_of.o(.data)
    OF_GYR_Y                                 0x20000292   Data           2  ano_of.o(.data)
    OF_GYR_Z                                 0x20000294   Data           2  ano_of.o(.data)
    OF_GYR_X2                                0x20000296   Data           2  ano_of.o(.data)
    OF_GYR_Y2                                0x20000298   Data           2  ano_of.o(.data)
    OF_GYR_Z2                                0x2000029a   Data           2  ano_of.o(.data)
    OF_ACC_X                                 0x2000029c   Data           2  ano_of.o(.data)
    OF_ACC_Y                                 0x2000029e   Data           2  ano_of.o(.data)
    OF_ACC_Z                                 0x200002a0   Data           2  ano_of.o(.data)
    OF_ACC_X2                                0x200002a2   Data           2  ano_of.o(.data)
    OF_ACC_Y2                                0x200002a4   Data           2  ano_of.o(.data)
    OF_ACC_Z2                                0x200002a6   Data           2  ano_of.o(.data)
    OF_ATT_ROL                               0x200002a8   Data           4  ano_of.o(.data)
    OF_ATT_PIT                               0x200002ac   Data           4  ano_of.o(.data)
    OF_ATT_YAW                               0x200002b0   Data           4  ano_of.o(.data)
    OF_ATT_S1                                0x200002b4   Data           4  ano_of.o(.data)
    OF_ATT_S2                                0x200002b8   Data           4  ano_of.o(.data)
    OF_ATT_S3                                0x200002bc   Data           4  ano_of.o(.data)
    OF_ATT_S4                                0x200002c0   Data           4  ano_of.o(.data)
    temperature_err                          0x200002d0   Data           4  drv_heating.o(.data)
    temperature_err_i                        0x200002d4   Data           4  drv_heating.o(.data)
    temperature_diff                         0x200002d8   Data           4  drv_heating.o(.data)
    temperature_ctrl_val                     0x200002dc   Data           4  drv_heating.o(.data)
    offline_check_time                       0x200002e4   Data           2  drv_openmv.o(.data)
    of_init_cnt                              0x200002e8   Data           1  drv_up_flow.o(.data)
    of_buf_update_cnt                        0x200002e9   Data           1  drv_up_flow.o(.data)
    LASER_LINKOK                             0x200002ec   Data           1  drv_laser.o(.data)
    Laser_height_cm                          0x200002ee   Data           2  drv_laser.o(.data)
    switchs                                  0x200002f2   Data           8  ano_fcdata.o(.data)
    imu_data                                 0x200002fc   Data         232  ano_imu.o(.data)
    imu_state                                0x20000418   Data          24  ano_imu.o(.data)
    acc_z_auto                               0x20000450   Data           8  ano_sensor_basic.o(.data)
    acc_sum_cnt                              0x20000458   Data           2  ano_sensor_basic.o(.data)
    gyro_sum_cnt                             0x2000045a   Data           2  ano_sensor_basic.o(.data)
    acc_z_auto_cnt                           0x2000045c   Data           2  ano_sensor_basic.o(.data)
    g_old                                    0x2000045e   Data           6  ano_sensor_basic.o(.data)
    g_d_sum                                  0x20000464   Data          12  ano_sensor_basic.o(.data)
    roll_gz_comp                             0x20000470   Data           2  ano_sensor_basic.o(.data)
    wh_matrix                                0x20000474   Data          36  ano_sensor_basic.o(.data)
    ref_height_old                           0x2000049c   Data           4  ano_motioncal.o(.data)
    ref_speed_old                            0x200004a0   Data           4  ano_motioncal.o(.data)
    wcz_ref_height                           0x200004a4   Data           4  ano_motioncal.o(.data)
    wcz_ref_speed                            0x200004a8   Data           4  ano_motioncal.o(.data)
    wcz_ref_acc                              0x200004ac   Data           4  ano_motioncal.o(.data)
    flying_cnt                               0x200004de   Data           2  ano_flightctrl.o(.data)
    landing_cnt                              0x200004e0   Data           2  ano_flightctrl.o(.data)
    stop_baro_hpf                            0x200004e4   Data           4  ano_flightctrl.o(.data)
    jsdata                                   0x200004f4   Data           6  ano_flightctrl.o(.data)
    speed_mode_old                           0x200004fa   Data           1  ano_flightctrl.o(.data)
    flight_mode_old                          0x200004fb   Data           1  ano_flightctrl.o(.data)
    test_time_cnt                            0x20000508   Data           2  ano_flightdatacal.o(.data)
    baro_height                              0x20000514   Data           4  ano_flightdatacal.o(.data)
    baro_h_offset                            0x20000518   Data           4  ano_flightdatacal.o(.data)
    ref_height_get_1                         0x2000051c   Data           4  ano_flightdatacal.o(.data)
    ref_height_get_2                         0x20000520   Data           4  ano_flightdatacal.o(.data)
    ref_height_used                          0x20000524   Data           4  ano_flightdatacal.o(.data)
    baro2tof_offset                          0x20000528   Data           4  ano_flightdatacal.o(.data)
    tof2baro_offset                          0x2000052c   Data           4  ano_flightdatacal.o(.data)
    baro_fix1                                0x20000530   Data           4  ano_flightdatacal.o(.data)
    baro_fix2                                0x20000534   Data           4  ano_flightdatacal.o(.data)
    baro_fix                                 0x20000538   Data           4  ano_flightdatacal.o(.data)
    wcz_acc_use                              0x20000540   Data           4  ano_flightdatacal.o(.data)
    ref_tof_height                           0x20000544   Data           2  ano_flightdatacal.o(.data)
    vel_fb_d_lpf                             0x20000558   Data           8  ano_locctrl.o(.data)
    vel_fb_h                                 0x20000560   Data           8  ano_locctrl.o(.data)
    vel_fb_w                                 0x20000568   Data           8  ano_locctrl.o(.data)
    vel_fb_fix_w                             0x20000570   Data           8  ano_locctrl.o(.data)
    mag                                      0x20000590   Data           8  ano_magprocess.o(.data)
    motor                                    0x200005a4   Data           8  ano_motorctrl.o(.data)
    motor_step                               0x200005ac   Data           8  ano_motorctrl.o(.data)
    IDLING                                   0x200005b6   Data           2  ano_motorctrl.o(.data)
    Plane_Votage                             0x200005b8   Data           4  ano_power.o(.data)
    g_pui8CDCSerDeviceDescriptor             0x200005c6   Data          18  usbdcdc.o(.data)
    g_pui8CDCSerDescriptor                   0x200005d8   Data           9  usbdcdc.o(.data)
    g_pui8IADSerDescriptor                   0x200005e1   Data           8  usbdcdc.o(.data)
    g_psCDCSerSections                       0x200005ec   Data          12  usbdcdc.o(.data)
    g_psCDCSerSectionsHS                     0x200005f8   Data          12  usbdcdc.o(.data)
    g_psCDCCompSerSections                   0x20000604   Data          16  usbdcdc.o(.data)
    g_psCDCCompSerSectionsHS                 0x20000614   Data          16  usbdcdc.o(.data)
    g_iUSBMode                               0x20000624   Data           1  usbmode.o(.data)
    g_eOTGModeState                          0x20000626   Data           1  usbmode.o(.data)
    g_ui32WaitTicks                          0x20000628   Data           4  usbmode.o(.data)
    g_ui32PollRate                           0x2000062c   Data           4  usbmode.o(.data)
    g_ppsDevInfo                             0x20000640   Data           4  usbdenum.o(.data)
    g_bUSBTimerInitialized                   0x20000644   Data           1  usbtick.o(.data)
    g_ui32CurrentUSBTick                     0x20000648   Data           4  usbtick.o(.data)
    g_ui32USBSOFCount                        0x2000064c   Data           4  usbtick.o(.data)
    Ano_Parame                               0x20000a6c   Data        2048  ano_parameter.o(.bss)
    program_ctrl                             0x2000126c   Data          84  ano_flyctrl.o(.bss)
    ParValList                               0x200012c0   Data         400  ano_dt.o(.bss)
    f                                        0x20001450   Data          20  ano_dt.o(.bss)
    data_to_send                             0x20001464   Data          50  ano_dt.o(.bss)
    CH_N                                     0x200015d6   Data          16  ano_rc.o(.bss)
    LED_STA                                  0x200015e6   Data          15  ano_led.o(.bss)
    pc_user                                  0x200015f8   Data          32  ano_programctrl_user.o(.bss)
    of_data                                  0x20001618   Data          10  ano_of_decofusion.o(.bss)
    of_rdf                                   0x20001624   Data          72  ano_of_decofusion.o(.bss)
    ano_opmv_cbt_ctrl                        0x2000166c   Data          48  ano_opmv_cbtracking_ctrl.o(.bss)
    ano_opmv_lt_ctrl                         0x200016ac   Data          28  ano_opmv_linetracking_ctrl.o(.bss)
    g_pui8USBRxBuffer                        0x200016c8   Data         256  usb_serial_structs.o(.bss)
    g_pui8USBTxBuffer                        0x200017c8   Data         256  usb_serial_structs.o(.bss)
    RC_PPM                                   0x200018c8   Data          32  drv_rcin.o(.bss)
    Rc_Sbus_In                               0x200018e8   Data          32  drv_rcin.o(.bss)
    U1TxDataTemp                             0x20001921   Data         256  drv_uart.o(.bss)
    U2TxDataTemp                             0x20001a21   Data         256  drv_uart.o(.bss)
    U3TxDataTemp                             0x20001b21   Data         256  drv_uart.o(.bss)
    U4TxDataTemp                             0x20001c21   Data         256  drv_uart.o(.bss)
    U5TxDataTemp                             0x20001d21   Data         256  drv_uart.o(.bss)
    mpu_buffer                               0x20001e21   Data          14  drv_icm20602.o(.bss)
    Gps_information                          0x20001e60   Data         112  drv_gps.o(.bss)
    Gps_send_Temp                            0x20001ed0   Data          20  drv_gps.o(.bss)
    GPS_data_buff                            0x20001ee4   Data         100  drv_gps.o(.bss)
    uwb_data                                 0x20001f7c   Data          60  ano_uwb.o(.bss)
    temperature_fb                           0x200021b8   Data          12  drv_heating.o(.bss)
    openmv_buf                               0x200021c4   Data          20  drv_openmv.o(.bss)
    opmv                                     0x200021d8   Data          26  drv_openmv.o(.bss)
    OF_DATA                                  0x200021f2   Data          14  drv_up_flow.o(.bss)
    save                                     0x20002218   Data          64  ano_fcdata.o(.bss)
    flag                                     0x20002258   Data          30  ano_fcdata.o(.bss)
    fc_stv                                   0x20002278   Data          16  ano_fcdata.o(.bss)
    sens_hd_check                            0x20002288   Data           9  ano_fcdata.o(.bss)
    att_matrix                               0x20002294   Data          36  ano_imu.o(.bss)
    imu_test                                 0x200022dc   Data          12  ano_imu.o(.bss)
    center_pos                               0x200022e8   Data          60  ano_sensor_basic.o(.bss)
    sensor                                   0x20002324   Data          80  ano_sensor_basic.o(.bss)
    sensor_val                               0x20002374   Data          24  ano_sensor_basic.o(.bss)
    sensor_val_rot                           0x2000238c   Data          24  ano_sensor_basic.o(.bss)
    sensor_val_ref                           0x200023a4   Data          24  ano_sensor_basic.o(.bss)
    sum_temp                                 0x200023bc   Data          28  ano_sensor_basic.o(.bss)
    acc_auto_sum_temp                        0x200023d8   Data          12  ano_sensor_basic.o(.bss)
    wcz_acc_fus                              0x2000245c   Data          28  ano_motioncal.o(.bss)
    wcz_spe_fus                              0x20002478   Data          24  ano_motioncal.o(.bss)
    wcz_hei_fus                              0x20002490   Data          24  ano_motioncal.o(.bss)
    alt_arg_2                                0x200024a8   Data          24  ano_altctrl.o(.bss)
    alt_val_2                                0x200024c0   Data          40  ano_altctrl.o(.bss)
    alt_arg_1                                0x200024e8   Data          24  ano_altctrl.o(.bss)
    alt_val_1                                0x20002500   Data          40  ano_altctrl.o(.bss)
    arg_2                                    0x20002528   Data          72  ano_attctrl.o(.bss)
    arg_1                                    0x20002570   Data          72  ano_attctrl.o(.bss)
    val_2                                    0x200025b8   Data         120  ano_attctrl.o(.bss)
    val_1                                    0x20002630   Data         120  ano_attctrl.o(.bss)
    att_2l_ct                                0x200026a8   Data          36  ano_attctrl.o(.bss)
    att_1l_ct                                0x200026cc   Data          28  ano_attctrl.o(.bss)
    rolling_flag                             0x200026f8   Data          24  ano_attctrl.o(.bss)
    fs                                       0x20002710   Data          52  ano_flightctrl.o(.bss)
    loc_arg_1                                0x20002744   Data          48  ano_locctrl.o(.bss)
    loc_val_1                                0x20002774   Data          80  ano_locctrl.o(.bss)
    loc_arg_1_fix                            0x200027c4   Data          48  ano_locctrl.o(.bss)
    loc_val_1_fix                            0x200027f4   Data          80  ano_locctrl.o(.bss)
    loc_ctrl_1                               0x20002844   Data          36  ano_locctrl.o(.bss)
    loc_ctrl_2                               0x20002868   Data          36  ano_locctrl.o(.bss)
    mc                                       0x2000288c   Data          16  ano_motorctrl.o(.bss)
    g_psDCDInst                              0x200028dc   Data          80  usbdenum.o(.bss)
    g_pfnTickHandlers                        0x2000292c   Data          24  usbtick.o(.bss)
    g_pvTickInstance                         0x20002944   Data          24  usbtick.o(.bss)
    __initial_sp                             0x20003470   Data           0  startup_tm4c123.o(STACK)



==============================================================================

Memory Map of the image

  Image Entry point : 0x000002a9

  Load Region LR_1 (Base: 0x00000000, Size: 0x000129f8, Max: 0xffffffff, ABSOLUTE, COMPRESSED[0x00012088])

    Execution Region ER_RO (Base: 0x00000000, Size: 0x00011f8c, Max: 0xffffffff, ABSOLUTE)

    Base Addr    Size         Type   Attr      Idx    E Section Name        Object

    0x00000000   0x0000026c   Data   RO         1148    RESET               startup_tm4c123.o
    0x0000026c   0x00000000   Code   RO         7090  * .ARM.Collect$$$$00000000  mc_w.l(entry.o)
    0x0000026c   0x00000004   Code   RO         7117    .ARM.Collect$$$$00000001  mc_w.l(entry2.o)
    0x00000270   0x00000004   Code   RO         7120    .ARM.Collect$$$$00000004  mc_w.l(entry5.o)
    0x00000274   0x00000000   Code   RO         7122    .ARM.Collect$$$$00000008  mc_w.l(entry7b.o)
    0x00000274   0x00000000   Code   RO         7124    .ARM.Collect$$$$0000000A  mc_w.l(entry8b.o)
    0x00000274   0x00000008   Code   RO         7125    .ARM.Collect$$$$0000000B  mc_w.l(entry9a.o)
    0x0000027c   0x00000000   Code   RO         7127    .ARM.Collect$$$$0000000D  mc_w.l(entry10a.o)
    0x0000027c   0x00000000   Code   RO         7129    .ARM.Collect$$$$0000000F  mc_w.l(entry11a.o)
    0x0000027c   0x00000004   Code   RO         7118    .ARM.Collect$$$$00002712  mc_w.l(entry2.o)
    0x00000280   0x00000026   Code   RO         5828    .emb_text           driverlib.lib(cpu.o)
    0x000002a6   0x00000002   PAD
    0x000002a8   0x000000fc   Code   RO         1149  * .text               startup_tm4c123.o
    0x000003a4   0x00000024   Code   RO         7093    .text               mc_w.l(memcpya.o)
    0x000003c8   0x0000014e   Code   RO         7097    .text               mf_w.l(dadd.o)
    0x00000516   0x000000e4   Code   RO         7099    .text               mf_w.l(dmul.o)
    0x000005fa   0x000000de   Code   RO         7101    .text               mf_w.l(ddiv.o)
    0x000006d8   0x00000022   Code   RO         7103    .text               mf_w.l(dflti.o)
    0x000006fa   0x0000001a   Code   RO         7105    .text               mf_w.l(dfltui.o)
    0x00000714   0x0000003e   Code   RO         7107    .text               mf_w.l(dfixi.o)
    0x00000752   0x00000026   Code   RO         7109    .text               mf_w.l(f2d.o)
    0x00000778   0x00000038   Code   RO         7115    .text               mf_w.l(d2f.o)
    0x000007b0   0x0000001e   Code   RO         7131    .text               mc_w.l(llshl.o)
    0x000007ce   0x00000020   Code   RO         7133    .text               mc_w.l(llushr.o)
    0x000007ee   0x00000024   Code   RO         7135    .text               mc_w.l(llsshr.o)
    0x00000812   0x00000000   Code   RO         7137    .text               mc_w.l(iusefp.o)
    0x00000812   0x0000006e   Code   RO         7138    .text               mf_w.l(fepilogue.o)
    0x00000880   0x000000ba   Code   RO         7140    .text               mf_w.l(depilogue.o)
    0x0000093a   0x00000002   PAD
    0x0000093c   0x00000024   Code   RO         7142    .text               mc_w.l(init.o)
    0x00000960   0x00000056   Code   RO         7152    .text               mc_w.l(__dczerorl2.o)
    0x000009b6   0x00000002   PAD
    0x000009b8   0x00000094   Code   RO         1343    i.ADC0Handler       drv_adc.o
    0x00000a4c   0x00000068   Code   RO         3331    i.ADCIntRegister    driverlib.lib(adc.o)
    0x00000ab4   0x0000010c   Code   RO         1011    i.ANO_CBTracking_Calcu  ano_opmv_cbtracking_ctrl.o
    0x00000bc0   0x00000074   Code   RO         1012    i.ANO_CBTracking_Ctrl  ano_opmv_cbtracking_ctrl.o
    0x00000c34   0x000002b8   Code   RO         1013    i.ANO_CBTracking_Decoupling  ano_opmv_cbtracking_ctrl.o
    0x00000eec   0x00000050   Code   RO         1014    i.ANO_CBTracking_Task  ano_opmv_cbtracking_ctrl.o
    0x00000f3c   0x000004bc   Code   RO          413    i.ANO_DT_Data_Exchange  ano_dt.o
    0x000013f8   0x0000017c   Code   RO          414    i.ANO_DT_Data_Receive_Anl  ano_dt.o
    0x00001574   0x00000074   Code   RO          415    i.ANO_DT_Data_Receive_Anl_Task  ano_dt.o
    0x000015e8   0x000000ec   Code   RO          416    i.ANO_DT_Data_Receive_Prepare  ano_dt.o
    0x000016d4   0x000000ec   Code   RO          417    i.ANO_DT_Data_Receive_Prepare_USB  ano_dt.o
    0x000017c0   0x0000002c   Code   RO          418    i.ANO_DT_GetParame  ano_dt.o
    0x000017ec   0x00000490   Code   RO          419    i.ANO_DT_ParListToParUsed  ano_dt.o
    0x00001c7c   0x000004d4   Code   RO          420    i.ANO_DT_ParUsedToParList  ano_dt.o
    0x00002150   0x000000f4   Code   RO          421    i.ANO_DT_SendCmd    ano_dt.o
    0x00002244   0x000000ec   Code   RO          422    i.ANO_DT_SendParame  ano_dt.o
    0x00002330   0x000000a4   Code   RO          423    i.ANO_DT_SendSensorSta  ano_dt.o
    0x000023d4   0x0000008c   Code   RO          425    i.ANO_DT_SendString  ano_dt.o
    0x00002460   0x0000001c   Code   RO          426    i.ANO_DT_Send_Data  ano_dt.o
    0x0000247c   0x00000160   Code   RO          427    i.ANO_DT_Send_Location  ano_dt.o
    0x000025dc   0x00000138   Code   RO          428    i.ANO_DT_Send_MotoPWM  ano_dt.o
    0x00002714   0x00000098   Code   RO          429    i.ANO_DT_Send_Power  ano_dt.o
    0x000027ac   0x00000170   Code   RO          430    i.ANO_DT_Send_RCData  ano_dt.o
    0x0000291c   0x00000188   Code   RO          431    i.ANO_DT_Send_Senser  ano_dt.o
    0x00002aa4   0x000000e4   Code   RO          432    i.ANO_DT_Send_Senser2  ano_dt.o
    0x00002b88   0x00000108   Code   RO          433    i.ANO_DT_Send_Speed  ano_dt.o
    0x00002c90   0x00000164   Code   RO          434    i.ANO_DT_Send_Status  ano_dt.o
    0x00002df4   0x000001c0   Code   RO          435    i.ANO_DT_Send_User  ano_dt.o
    0x00002fb4   0x00000070   Code   RO          436    i.ANO_DT_Send_VER   ano_dt.o
    0x00003024   0x000000d4   Code   RO          437    i.ANO_DT_Send_Version  ano_dt.o
    0x000030f8   0x00000278   Code   RO         1062    i.ANO_LT_StepProcedure  ano_opmv_linetracking_ctrl.o
    0x00003370   0x000000dc   Code   RO         1064    i.ANO_LTracking_Ctrl  ano_opmv_linetracking_ctrl.o
    0x0000344c   0x0000001c   Code   RO          932    i.ANO_OFDF_Task     ano_of_decofusion.o
    0x00003468   0x000000d4   Code   RO          933    i.ANO_OF_Data_Get   ano_of_decofusion.o
    0x0000353c   0x00000048   Code   RO          934    i.ANO_OF_Data_Prepare_Task  ano_of_decofusion.o
    0x00003584   0x000000b0   Code   RO          935    i.ANO_OF_Decouple   ano_of_decofusion.o
    0x00003634   0x000001ec   Code   RO          936    i.ANO_OF_Fusion     ano_of_decofusion.o
    0x00003820   0x000000f4   Code   RO         1115    i.ANO_OPMV_Ctrl_Task  ano_opmv_ctrl.o
    0x00003914   0x00000018   Code   RO         3010    i.All_PID_Init      ano_flightctrl.o
    0x0000392c   0x000001d4   Code   RO         2862    i.Alt_1level_Ctrl   ano_altctrl.o
    0x00003b00   0x0000003c   Code   RO         2863    i.Alt_1level_PID_Init  ano_altctrl.o
    0x00003b3c   0x00000208   Code   RO         2864    i.Alt_2level_Ctrl   ano_altctrl.o
    0x00003d44   0x0000003c   Code   RO         2865    i.Alt_2level_PID_Init  ano_altctrl.o
    0x00003d80   0x00000070   Code   RO         2091    i.AnoOF_Check       ano_of.o
    0x00003df0   0x000001f0   Code   RO         2092    i.AnoOF_DataAnl     ano_of.o
    0x00003fe0   0x0000000c   Code   RO         2093    i.AnoOF_DataAnl_Task  ano_of.o
    0x00003fec   0x000000f4   Code   RO         2094    i.AnoOF_GetOneByte  ano_of.o
    0x000040e0   0x0000007c   Code   RO          799    i.AnoUsbCdcInit     ano_usb.o
    0x0000415c   0x00000028   Code   RO          800    i.AnoUsbCdcRead     ano_usb.o
    0x00004184   0x00000020   Code   RO          801    i.AnoUsbCdcSend     ano_usb.o
    0x000041a4   0x00000024   Code   RO          288    i.Ano_Parame_Read   ano_parameter.o
    0x000041c8   0x0000001c   Code   RO          289    i.Ano_Parame_Write  ano_parameter.o
    0x000041e4   0x00000084   Code   RO          290    i.Ano_Parame_Write_task  ano_parameter.o
    0x00004268   0x00000060   Code   RO         2140    i.Ano_UWB_Data_Calcu_Task  ano_uwb.o
    0x000042c8   0x00000268   Code   RO         2941    i.Att_1level_Ctrl   ano_attctrl.o
    0x00004530   0x000000a4   Code   RO         2942    i.Att_1level_PID_Init  ano_attctrl.o
    0x000045d4   0x000005e0   Code   RO         2943    i.Att_2level_Ctrl   ano_attctrl.o
    0x00004bb4   0x00000084   Code   RO         2944    i.Att_2level_PID_Init  ano_attctrl.o
    0x00004c38   0x000001f0   Code   RO         2866    i.Auto_Take_Off_Land_Task  ano_altctrl.o
    0x00004e28   0x000000ee   Code   RO         5507    i.CDCTickHandler    usblib.lib(usbdcdc.o)
    0x00004f16   0x00000002   PAD
    0x00004f18   0x00000024   Code   RO         2721    i.Center_Pos_Set    ano_sensor_basic.o
    0x00004f3c   0x0000009c   Code   RO          802    i.ControlHandler    ano_usb.o
    0x00004fd8   0x00000040   Code   RO         6663    i.DMAUSBIntHandler  usblib.lib(usbdma.o)
    0x00005018   0x0000000e   Code   RO         6664    i.DMAUSBIntStatusClear  usblib.lib(usbdma.o)
    0x00005026   0x00000004   Code   RO         6665    i.DMAUSBStatus      usblib.lib(usbdma.o)
    0x0000502a   0x00000002   PAD
    0x0000502c   0x00000038   Code   RO         1848    i.Drv_AK8975CSPinInit  drv_ak8975.o
    0x00005064   0x00000034   Code   RO         1849    i.Drv_AK8975_Read   drv_ak8975.o
    0x00005098   0x00000018   Code   RO         1344    i.Drv_Adc0Trigger   drv_adc.o
    0x000050b0   0x000000b8   Code   RO         1345    i.Drv_AdcInit       drv_adc.o
    0x00005168   0x000000e8   Code   RO         1230    i.Drv_BspInit       drv_bsp.o
    0x00005250   0x00000078   Code   RO         2011    i.Drv_GpsGetOneByte  drv_gps.o
    0x000052c8   0x0000002e   Code   RO         2012    i.Drv_GpsPin_Init   drv_gps.o
    0x000052f6   0x00000002   PAD
    0x000052f8   0x00000034   Code   RO         1521    i.Drv_HeatSet       drv_pwmout.o
    0x0000532c   0x00000010   Code   RO         2183    i.Drv_HeatingSet    drv_heating.o
    0x0000533c   0x00000038   Code   RO         1751    i.Drv_Icm20602CSPinInit  drv_icm20602.o
    0x00005374   0x000000f0   Code   RO         1752    i.Drv_Icm20602Init  drv_icm20602.o
    0x00005464   0x00000014   Code   RO         1753    i.Drv_Icm20602IrqHandler  drv_icm20602.o
    0x00005478   0x0000007c   Code   RO         1754    i.Drv_Icm20602ReadyPinInit  drv_icm20602.o
    0x000054f4   0x00000018   Code   RO         1755    i.Drv_Icm20602_Read  drv_icm20602.o
    0x0000550c   0x000000bc   Code   RO         2311    i.Drv_Laser_GetOneByte  drv_laser.o
    0x000055c8   0x0000004c   Code   RO         2312    i.Drv_Laser_Init    drv_laser.o
    0x00005614   0x000000bc   Code   RO         1388    i.Drv_LedOnOff      drv_led.o
    0x000056d0   0x000000d8   Code   RO         1522    i.Drv_MotorPWMSet   drv_pwmout.o
    0x000057a8   0x0000012c   Code   RO         2273    i.Drv_OFInit        drv_up_flow.o
    0x000058d4   0x000000dc   Code   RO         1458    i.Drv_PpmInit       drv_rcin.o
    0x000059b0   0x000002e0   Code   RO         1523    i.Drv_PwmOutInit    drv_pwmout.o
    0x00005c90   0x00000038   Code   RO         1899    i.Drv_SPL06CSPinInit  drv_spl06.o
    0x00005cc8   0x000000b8   Code   RO         1459    i.Drv_SbusInit      drv_rcin.o
    0x00005d80   0x00000044   Code   RO         1231    i.Drv_SenserCsPinInit  drv_bsp.o
    0x00005dc4   0x00000098   Code   RO         1560    i.Drv_Spi0Init      drv_spi.o
    0x00005e5c   0x0000001e   Code   RO         1561    i.Drv_Spi0Receive   drv_spi.o
    0x00005e7a   0x00000002   PAD
    0x00005e7c   0x00000040   Code   RO         1562    i.Drv_Spi0SingleWirteAndRead  drv_spi.o
    0x00005ebc   0x00000058   Code   RO         1900    i.Drv_Spl0601Init   drv_spl06.o
    0x00005f14   0x000000c0   Code   RO         1901    i.Drv_Spl0601_Read  drv_spl06.o
    0x00005fd4   0x000000d0   Code   RO         1605    i.Drv_Uart1Init     drv_uart.o
    0x000060a4   0x00000034   Code   RO         1606    i.Drv_Uart1SendBuf  drv_uart.o
    0x000060d8   0x00000044   Code   RO         1607    i.Drv_Uart1TxCheck  drv_uart.o
    0x0000611c   0x000000d8   Code   RO         1608    i.Drv_Uart2Init     drv_uart.o
    0x000061f4   0x00000034   Code   RO         1609    i.Drv_Uart2SendBuf  drv_uart.o
    0x00006228   0x00000044   Code   RO         1610    i.Drv_Uart2TxCheck  drv_uart.o
    0x0000626c   0x000000d8   Code   RO         1611    i.Drv_Uart3Init     drv_uart.o
    0x00006344   0x00000044   Code   RO         1613    i.Drv_Uart3TxCheck  drv_uart.o
    0x00006388   0x000000d8   Code   RO         1614    i.Drv_Uart4Init     drv_uart.o
    0x00006460   0x00000034   Code   RO         1615    i.Drv_Uart4SendBuf  drv_uart.o
    0x00006494   0x00000044   Code   RO         1616    i.Drv_Uart4TxCheck  drv_uart.o
    0x000064d8   0x000000f4   Code   RO         1617    i.Drv_Uart5Init     drv_uart.o
    0x000065cc   0x00000044   Code   RO         1619    i.Drv_Uart5TxCheck  drv_uart.o
    0x00006610   0x00000088   Code   RO         1389    i.Dvr_LedInit       drv_led.o
    0x00006698   0x00000020   Code   RO         1418    i.Dvr_ParamterInit  drv_paramter.o
    0x000066b8   0x0000001c   Code   RO         1419    i.Dvr_ParamterRead  drv_paramter.o
    0x000066d4   0x0000001c   Code   RO         1420    i.Dvr_ParamterSave  drv_paramter.o
    0x000066f0   0x0000005c   Code   RO         3106    i.Fc_Sensor_Get     ano_flightdatacal.o
    0x0000674c   0x000000d4   Code   RO         3011    i.Flight_Mode_Set   ano_flightctrl.o
    0x00006820   0x000004c8   Code   RO         3012    i.Flight_State_Task  ano_flightctrl.o
    0x00006ce8   0x0000002c   Code   RO          355    i.FlyCtrlDataAnl    ano_flyctrl.o
    0x00006d14   0x00000070   Code   RO          356    i.FlyCtrlReset      ano_flyctrl.o
    0x00006d84   0x0000086c   Code   RO          357    i.FlyCtrl_Task      ano_flyctrl.o
    0x000075f0   0x00000006   Code   RO         3598    i.GPIOIntClear      driverlib.lib(gpio.o)
    0x000075f6   0x0000000c   Code   RO         3600    i.GPIOIntEnable     driverlib.lib(gpio.o)
    0x00007602   0x0000001a   Code   RO         3601    i.GPIOIntRegister   driverlib.lib(gpio.o)
    0x0000761c   0x000001b8   Code   RO         2013    i.GPS_Data_Processing_Task  drv_gps.o
    0x000077d4   0x00000198   Code   RO         2014    i.GPS_data_analysis  drv_gps.o
    0x0000796c   0x00000060   Code   RO         2015    i.GPS_ubx_check_sum  drv_gps.o
    0x000079cc   0x00000034   Code   RO         1233    i.GetSysRunTimeUs   drv_bsp.o
    0x00007a00   0x00000032   Code   RO         5508    i.HandleConfigChange  usblib.lib(usbdcdc.o)
    0x00007a32   0x000000c2   Code   RO         5509    i.HandleDevice      usblib.lib(usbdcdc.o)
    0x00007af4   0x00000022   Code   RO         5510    i.HandleDisconnect  usblib.lib(usbdcdc.o)
    0x00007b16   0x0000009a   Code   RO         5511    i.HandleEP0Data     usblib.lib(usbdcdc.o)
    0x00007bb0   0x0000007e   Code   RO         5512    i.HandleEndpoints   usblib.lib(usbdcdc.o)
    0x00007c2e   0x00000176   Code   RO         5513    i.HandleRequests    usblib.lib(usbdcdc.o)
    0x00007da4   0x0000000c   Code   RO         5514    i.HandleResume      usblib.lib(usbdcdc.o)
    0x00007db0   0x0000000c   Code   RO         5515    i.HandleSuspend     usblib.lib(usbdcdc.o)
    0x00007dbc   0x000000e0   Code   RO         1756    i.ICM_Get_Data      drv_icm20602.o
    0x00007e9c   0x000000a8   Code   RO         3107    i.IMU_Update_Task   ano_flightdatacal.o
    0x00007f44   0x000009a0   Code   RO         2666    i.IMU_update        ano_imu.o
    0x000088e4   0x00000038   Code   RO           92    i.INT_1ms_Task      ano_scheduler.o
    0x0000891c   0x00000064   Code   RO         5838    i.IntDisable        driverlib.lib(interrupt.o)
    0x00008980   0x00000064   Code   RO         5839    i.IntEnable         driverlib.lib(interrupt.o)
    0x000089e4   0x00000060   Code   RO         5840    i.IntIsEnabled      driverlib.lib(interrupt.o)
    0x00008a44   0x0000000e   Code   RO         5841    i.IntMasterDisable  driverlib.lib(interrupt.o)
    0x00008a52   0x0000000e   Code   RO         5842    i.IntMasterEnable   driverlib.lib(interrupt.o)
    0x00008a60   0x00000034   Code   RO         5851    i.IntRegister       driverlib.lib(interrupt.o)
    0x00008a94   0x00000034   Code   RO         6526    i.InternalUSBRegisterTickHandler  usblib.lib(usbtick.o)
    0x00008ac8   0x00000038   Code   RO         6527    i.InternalUSBStartOfFrameTick  usblib.lib(usbtick.o)
    0x00008b00   0x00000038   Code   RO         6528    i.InternalUSBTickInit  usblib.lib(usbtick.o)
    0x00008b38   0x000000d4   Code   RO          739    i.LED_1ms_DRV       ano_led.o
    0x00008c0c   0x0000034c   Code   RO          740    i.LED_Task2         ano_led.o
    0x00008f58   0x00000c50   Code   RO         3166    i.Loc_1level_Ctrl   ano_locctrl.o
    0x00009ba8   0x00000184   Code   RO         3167    i.Loc_1level_PID_Init  ano_locctrl.o
    0x00009d2c   0x00000040   Code   RO           93    i.Loop_Task_0       ano_scheduler.o
    0x00009d6c   0x00000038   Code   RO           94    i.Loop_Task_1       ano_scheduler.o
    0x00009da4   0x0000003c   Code   RO           95    i.Loop_Task_2       ano_scheduler.o
    0x00009de0   0x00000060   Code   RO           96    i.Loop_Task_5       ano_scheduler.o
    0x00009e40   0x000001b8   Code   RO           97    i.Loop_Task_8       ano_scheduler.o
    0x00009ff8   0x00000018   Code   RO           98    i.Loop_Task_9       ano_scheduler.o
    0x0000a010   0x000001f8   Code   RO         2722    i.MPU6050_Data_Offset  ano_sensor_basic.o
    0x0000a208   0x00000068   Code   RO         3207    i.Mag_Cal_Reset     ano_magprocess.o
    0x0000a270   0x00000058   Code   RO         3208    i.Mag_Cal_XY        ano_magprocess.o
    0x0000a2c8   0x00000048   Code   RO         3209    i.Mag_Cal_Z         ano_magprocess.o
    0x0000a310   0x000003e0   Code   RO         3210    i.Mag_Data_Deal_Task  ano_magprocess.o
    0x0000a6f0   0x00000058   Code   RO         1850    i.Mag_Get           drv_ak8975.o
    0x0000a748   0x0000003c   Code   RO         3108    i.Mag_Update_Task   ano_flightdatacal.o
    0x0000a784   0x00000078   Code   RO           99    i.Main_Task         ano_scheduler.o
    0x0000a7fc   0x00000230   Code   RO         3252    i.Motor_Ctrl_Task   ano_motorctrl.o
    0x0000aa2c   0x00000024   Code   RO         1234    i.MyDelayMs         drv_bsp.o
    0x0000aa50   0x00000100   Code   RO         2274    i.OFGetByte         drv_up_flow.o
    0x0000ab50   0x00000158   Code   RO          937    i.OF_INS_Get        ano_of_decofusion.o
    0x0000aca8   0x00000038   Code   RO          938    i.OF_INS_Reset      ano_of_decofusion.o
    0x0000ace0   0x00000064   Code   RO          939    i.OF_State          ano_of_decofusion.o
    0x0000ad44   0x0000011c   Code   RO         2226    i.OpenMV_Byte_Get   drv_openmv.o
    0x0000ae60   0x00000014   Code   RO         2227    i.OpenMV_Check_Reset  drv_openmv.o
    0x0000ae74   0x000000a4   Code   RO         2228    i.OpenMV_Data_Analysis  drv_openmv.o
    0x0000af18   0x0000002c   Code   RO         2229    i.OpenMV_Offline_Check  drv_openmv.o
    0x0000af44   0x000001d8   Code   RO          291    i.PID_Rest          ano_parameter.o
    0x0000b11c   0x00000120   Code   RO         2639    i.PID_calculate     ano_pid.o
    0x0000b23c   0x00000050   Code   RO         1460    i.PPM_Cal           drv_rcin.o
    0x0000b28c   0x00000084   Code   RO         1461    i.PPM_Decode        drv_rcin.o
    0x0000b310   0x00000008   Code   RO         2348    i.Para_Data_Init    ano_fcdata.o
    0x0000b318   0x0000005c   Code   RO          292    i.Parame_Copy_Fc2para  ano_parameter.o
    0x0000b374   0x00000060   Code   RO          293    i.Parame_Copy_Para2fc  ano_parameter.o
    0x0000b3d4   0x00000100   Code   RO          294    i.Parame_Reset      ano_parameter.o
    0x0000b4d4   0x000001dc   Code   RO         3287    i.Power_UpdateTask  ano_power.o
    0x0000b6b0   0x00000086   Code   RO         5516    i.ProcessDataFromHost  usblib.lib(usbdcdc.o)
    0x0000b736   0x00000002   PAD
    0x0000b738   0x00000064   Code   RO         5517    i.ProcessDataToHost  usblib.lib(usbdcdc.o)
    0x0000b79c   0x00000034   Code   RO          890    i.Program_Ctrl_User_Set_HXYcmps  ano_programctrl_user.o
    0x0000b7d0   0x00000054   Code   RO          891    i.Program_Ctrl_User_Set_YAWdps  ano_programctrl_user.o
    0x0000b824   0x0000013c   Code   RO          646    i.RC_duty_task      ano_rc.o
    0x0000b960   0x00000028   Code   RO          647    i.Remote_Control_Init  ano_rc.o
    0x0000b988   0x00000026   Code   RO          803    i.RxHandler         ano_usb.o
    0x0000b9ae   0x00000002   PAD
    0x0000b9b0   0x00000200   Code   RO         1462    i.Sbus_Decode       drv_rcin.o
    0x0000bbb0   0x00000050   Code   RO         1463    i.Sbus_IRQHandler   drv_rcin.o
    0x0000bc00   0x000000a6   Code   RO         5411    i.ScheduleNextTransmission  usblib.lib(usbbuffer.o)
    0x0000bca6   0x00000044   Code   RO         5519    i.SendBreak         usblib.lib(usbdcdc.o)
    0x0000bcea   0x00000096   Code   RO         5520    i.SendSerialState   usblib.lib(usbdcdc.o)
    0x0000bd80   0x00000018   Code   RO         2723    i.Sensor_Basic_Init  ano_sensor_basic.o
    0x0000bd98   0x000003d0   Code   RO         2724    i.Sensor_Data_Prepare  ano_sensor_basic.o
    0x0000c168   0x00000044   Code   RO         2945    i.Set_Att_1level_Ki  ano_attctrl.o
    0x0000c1ac   0x00000030   Code   RO         2946    i.Set_Att_2level_Ki  ano_attctrl.o
    0x0000c1dc   0x00000002   Code   RO         3013    i.Speed_Mode_Switch  ano_flightctrl.o
    0x0000c1de   0x00000002   PAD
    0x0000c1e0   0x00000198   Code   RO         3014    i.Swtich_State_Task  ano_flightctrl.o
    0x0000c378   0x00000154   Code   RO         3902    i.SysCtlClockGet    driverlib.lib(sysctl.o)
    0x0000c4cc   0x00000028   Code   RO         3933    i.SysCtlPeripheralEnable  driverlib.lib(sysctl.o)
    0x0000c4f4   0x0000003c   Code   RO         3938    i.SysCtlPeripheralReset  driverlib.lib(sysctl.o)
    0x0000c530   0x00000010   Code   RO         3950    i.SysCtlUSBPLLEnable  driverlib.lib(sysctl.o)
    0x0000c540   0x00000018   Code   RO         1235    i.SysTick_Handler   drv_bsp.o
    0x0000c558   0x00000036   Code   RO         1236    i.SysTick_Init      drv_bsp.o
    0x0000c58e   0x00000002   PAD
    0x0000c590   0x00000098   Code   RO         1157    i.SystemInit        system_tm4c123.o
    0x0000c628   0x000002d0   Code   RO         2184    i.Thermostatic_Ctrl_Task  drv_heating.o
    0x0000c8f8   0x00000068   Code   RO         4270    i.TimerIntRegister  driverlib.lib(timer.o)
    0x0000c960   0x00000012   Code   RO          804    i.TxHandler         ano_usb.o
    0x0000c972   0x00000002   PAD
    0x0000c974   0x00000058   Code   RO         1620    i.UART1_IRQHandler  drv_uart.o
    0x0000c9cc   0x00000058   Code   RO         1621    i.UART2_IRQHandler  drv_uart.o
    0x0000ca24   0x00000058   Code   RO         1622    i.UART3_IRQHandler  drv_uart.o
    0x0000ca7c   0x00000070   Code   RO         1623    i.UART4_IRQHandler  drv_uart.o
    0x0000caec   0x00000058   Code   RO         1624    i.UART5_IRQHandler  drv_uart.o
    0x0000cb44   0x00000058   Code   RO         4525    i.UARTIntRegister   driverlib.lib(uart.o)
    0x0000cb9c   0x00000010   Code   RO         2016    i.UART_Write_D      drv_gps.o
    0x0000cbac   0x0000005a   Code   RO         6904    i.ULPIConfigSet     usblib.lib(usbulpi.o)
    0x0000cc06   0x00000002   PAD
    0x0000cc08   0x00000018   Code   RO         5711    i.USB0DeviceIntHandler  usblib.lib(usbdhandler.o)
    0x0000cc20   0x00000154   Code   RO         5416    i.USBBufferEventCallback  usblib.lib(usbbuffer.o)
    0x0000cd74   0x00000006   Code   RO         5417    i.USBBufferFlush    usblib.lib(usbbuffer.o)
    0x0000cd7a   0x00000018   Code   RO         5419    i.USBBufferInit     usblib.lib(usbbuffer.o)
    0x0000cd92   0x00000028   Code   RO         5420    i.USBBufferRead     usblib.lib(usbbuffer.o)
    0x0000cdba   0x00000034   Code   RO         5422    i.USBBufferWrite    usblib.lib(usbbuffer.o)
    0x0000cdee   0x0000000a   Code   RO         4791    i.USBClockEnable    driverlib.lib(usb.o)
    0x0000cdf8   0x0000000a   Code   RO         4792    i.USBControllerVersion  driverlib.lib(usb.o)
    0x0000ce02   0x00000002   PAD
    0x0000ce04   0x000000dc   Code   RO         5521    i.USBDCDCCompositeInit  usblib.lib(usbdcdc.o)
    0x0000cee0   0x0000004c   Code   RO         5522    i.USBDCDCInit       usblib.lib(usbdcdc.o)
    0x0000cf2c   0x000000a4   Code   RO         5523    i.USBDCDCPacketRead  usblib.lib(usbdcdc.o)
    0x0000cfd0   0x00000058   Code   RO         5524    i.USBDCDCPacketWrite  usblib.lib(usbdcdc.o)
    0x0000d028   0x00000038   Code   RO         5527    i.USBDCDCRxPacketAvailable  usblib.lib(usbdcdc.o)
    0x0000d060   0x00000014   Code   RO         5533    i.USBDCDCTxPacketAvailable  usblib.lib(usbdcdc.o)
    0x0000d074   0x00000056   Code   RO         6567    i.USBDCDConfigDescGet  usblib.lib(usbdcdesc.o)
    0x0000d0ca   0x00000036   Code   RO         6568    i.USBDCDConfigDescGetNum  usblib.lib(usbdcdesc.o)
    0x0000d100   0x00000022   Code   RO         6569    i.USBDCDConfigDescGetSize  usblib.lib(usbdcdesc.o)
    0x0000d122   0x000000bc   Code   RO         6570    i.USBDCDConfigGetInterface  usblib.lib(usbdcdesc.o)
    0x0000d1de   0x0000005e   Code   RO         6571    i.USBDCDConfigGetInterfaceEndpoint  usblib.lib(usbdcdesc.o)
    0x0000d23c   0x00000044   Code   RO         5948    i.USBDCDDeviceInfoInit  usblib.lib(usbdenum.o)
    0x0000d280   0x00000018   Code   RO         5949    i.USBDCDFeatureGet  usblib.lib(usbdenum.o)
    0x0000d298   0x000001a8   Code   RO         5951    i.USBDCDInit        usblib.lib(usbdenum.o)
    0x0000d440   0x00000014   Code   RO         5955    i.USBDCDRequestDataEP0  usblib.lib(usbdenum.o)
    0x0000d454   0x00000014   Code   RO         5956    i.USBDCDSendDataEP0  usblib.lib(usbdenum.o)
    0x0000d468   0x0000001c   Code   RO         5958    i.USBDCDStallEP0    usblib.lib(usbdenum.o)
    0x0000d484   0x000000a4   Code   RO         5960    i.USBDClearFeature  usblib.lib(usbdenum.o)
    0x0000d528   0x00000074   Code   RO         5961    i.USBDEP0StateTx    usblib.lib(usbdenum.o)
    0x0000d59c   0x00000174   Code   RO         5962    i.USBDEP0StateTxConfig  usblib.lib(usbdenum.o)
    0x0000d710   0x00000034   Code   RO         5963    i.USBDGetConfiguration  usblib.lib(usbdenum.o)
    0x0000d744   0x00000170   Code   RO         5964    i.USBDGetDescriptor  usblib.lib(usbdenum.o)
    0x0000d8b4   0x0000005c   Code   RO         5965    i.USBDGetInterface  usblib.lib(usbdenum.o)
    0x0000d910   0x00000084   Code   RO         5966    i.USBDGetStatus     usblib.lib(usbdenum.o)
    0x0000d994   0x0000000a   Code   RO         4794    i.USBDMAChannelAddressSet  driverlib.lib(usb.o)
    0x0000d99e   0x00000016   Code   RO         4795    i.USBDMAChannelConfigSet  driverlib.lib(usb.o)
    0x0000d9b4   0x0000000a   Code   RO         4797    i.USBDMAChannelCountSet  driverlib.lib(usb.o)
    0x0000d9be   0x00000012   Code   RO         4798    i.USBDMAChannelDisable  driverlib.lib(usb.o)
    0x0000d9d0   0x00000012   Code   RO         4799    i.USBDMAChannelEnable  driverlib.lib(usb.o)
    0x0000d9e2   0x00000012   Code   RO         4800    i.USBDMAChannelIntDisable  driverlib.lib(usb.o)
    0x0000d9f4   0x00000012   Code   RO         4801    i.USBDMAChannelIntEnable  driverlib.lib(usb.o)
    0x0000da06   0x00000006   Code   RO         4802    i.USBDMAChannelIntStatus  driverlib.lib(usb.o)
    0x0000da0c   0x0000000e   Code   RO         4803    i.USBDMAChannelStatus  driverlib.lib(usb.o)
    0x0000da1a   0x00000002   PAD
    0x0000da1c   0x0000007c   Code   RO         5967    i.USBDReadAndDispatchRequest  usblib.lib(usbdenum.o)
    0x0000da98   0x00000024   Code   RO         5968    i.USBDSetAddress    usblib.lib(usbdenum.o)
    0x0000dabc   0x000000a4   Code   RO         5969    i.USBDSetConfiguration  usblib.lib(usbdenum.o)
    0x0000db60   0x00000028   Code   RO         5970    i.USBDSetDescriptor  usblib.lib(usbdenum.o)
    0x0000db88   0x00000084   Code   RO         5971    i.USBDSetFeature    usblib.lib(usbdenum.o)
    0x0000dc0c   0x000000bc   Code   RO         5972    i.USBDSetInterface  usblib.lib(usbdenum.o)
    0x0000dcc8   0x00000028   Code   RO         5973    i.USBDSyncFrame     usblib.lib(usbdenum.o)
    0x0000dcf0   0x00000036   Code   RO         6627    i.USBDescGet        usblib.lib(usbdesc.o)
    0x0000dd26   0x0000002e   Code   RO         6630    i.USBDescGetNum     usblib.lib(usbdesc.o)
    0x0000dd54   0x00000004   Code   RO         4807    i.USBDevAddrSet     driverlib.lib(usb.o)
    0x0000dd58   0x0000000a   Code   RO         4808    i.USBDevConnect     driverlib.lib(usb.o)
    0x0000dd62   0x0000000a   Code   RO         4809    i.USBDevDisconnect  driverlib.lib(usb.o)
    0x0000dd6c   0x00000088   Code   RO         4811    i.USBDevEndpointConfigSet  driverlib.lib(usb.o)
    0x0000ddf4   0x00000024   Code   RO         4812    i.USBDevEndpointDataAck  driverlib.lib(usb.o)
    0x0000de18   0x00000034   Code   RO         4813    i.USBDevEndpointStall  driverlib.lib(usb.o)
    0x0000de4c   0x0000004a   Code   RO         4814    i.USBDevEndpointStallClear  driverlib.lib(usb.o)
    0x0000de96   0x0000005e   Code   RO         4815    i.USBDevEndpointStatusClear  driverlib.lib(usb.o)
    0x0000def4   0x00000006   Code   RO         4816    i.USBDevLPMConfig   driverlib.lib(usb.o)
    0x0000defa   0x0000000e   Code   RO         4817    i.USBDevLPMDisable  driverlib.lib(usb.o)
    0x0000df08   0x0000000e   Code   RO         4818    i.USBDevLPMEnable   driverlib.lib(usb.o)
    0x0000df16   0x00000008   Code   RO         4820    i.USBDevMode        driverlib.lib(usb.o)
    0x0000df1e   0x00000002   PAD
    0x0000df20   0x000001a0   Code   RO         6609    i.USBDeviceConfig   usblib.lib(usbdconfig.o)
    0x0000e0c0   0x000000c8   Code   RO         6610    i.USBDeviceConfigAlternate  usblib.lib(usbdconfig.o)
    0x0000e188   0x000000ec   Code   RO         5974    i.USBDeviceEnumHandler  usblib.lib(usbdenum.o)
    0x0000e274   0x00000198   Code   RO         5976    i.USBDeviceIntHandlerInternal  usblib.lib(usbdenum.o)
    0x0000e40c   0x00000058   Code   RO         5977    i.USBDeviceResumeTickHandler  usblib.lib(usbdenum.o)
    0x0000e464   0x0000001a   Code   RO         4822    i.USBEndpointDMAChannel  driverlib.lib(usb.o)
    0x0000e47e   0x00000056   Code   RO         4823    i.USBEndpointDMAConfigSet  driverlib.lib(usb.o)
    0x0000e4d4   0x00000024   Code   RO         4824    i.USBEndpointDMADisable  driverlib.lib(usb.o)
    0x0000e4f8   0x00000024   Code   RO         4825    i.USBEndpointDMAEnable  driverlib.lib(usb.o)
    0x0000e51c   0x0000001e   Code   RO         4826    i.USBEndpointDataAvail  driverlib.lib(usb.o)
    0x0000e53a   0x00000054   Code   RO         4827    i.USBEndpointDataGet  driverlib.lib(usb.o)
    0x0000e58e   0x0000003a   Code   RO         4828    i.USBEndpointDataPut  driverlib.lib(usb.o)
    0x0000e5c8   0x00000030   Code   RO         4829    i.USBEndpointDataSend  driverlib.lib(usb.o)
    0x0000e5f8   0x0000000c   Code   RO         4831    i.USBEndpointPacketCountSet  driverlib.lib(usb.o)
    0x0000e604   0x00000010   Code   RO         4832    i.USBEndpointStatus  driverlib.lib(usb.o)
    0x0000e614   0x00000008   Code   RO         4833    i.USBFIFOAddrGet    driverlib.lib(usb.o)
    0x0000e61c   0x00000040   Code   RO         4835    i.USBFIFOConfigSet  driverlib.lib(usb.o)
    0x0000e65c   0x00000012   Code   RO         4862    i.USBHostResume     driverlib.lib(usb.o)
    0x0000e66e   0x00000002   PAD
    0x0000e670   0x0000002c   Code   RO         4867    i.USBIntEnableControl  driverlib.lib(usb.o)
    0x0000e69c   0x00000016   Code   RO         4868    i.USBIntEnableEndpoint  driverlib.lib(usb.o)
    0x0000e6b2   0x00000002   PAD
    0x0000e6b4   0x00000044   Code   RO         4869    i.USBIntRegister    driverlib.lib(usb.o)
    0x0000e6f8   0x0000003c   Code   RO         4870    i.USBIntStatusControl  driverlib.lib(usb.o)
    0x0000e734   0x0000000a   Code   RO         4871    i.USBIntStatusEndpoint  driverlib.lib(usb.o)
    0x0000e73e   0x0000000c   Code   RO         4875    i.USBLPMIntEnable   driverlib.lib(usb.o)
    0x0000e74a   0x00000006   Code   RO         4876    i.USBLPMIntStatus   driverlib.lib(usb.o)
    0x0000e750   0x0000015c   Code   RO         6667    i.USBLibDMAInit     usblib.lib(usbdma.o)
    0x0000e8ac   0x00000008   Code   RO         4882    i.USBOTGMode        driverlib.lib(usb.o)
    0x0000e8b4   0x00000046   Code   RO         6430    i.USBRingBufAdvanceRead  usblib.lib(usbringbuf.o)
    0x0000e8fa   0x00000054   Code   RO         6431    i.USBRingBufAdvanceWrite  usblib.lib(usbringbuf.o)
    0x0000e94e   0x0000001e   Code   RO         6432    i.USBRingBufContigFree  usblib.lib(usbringbuf.o)
    0x0000e96c   0x00000010   Code   RO         6433    i.USBRingBufContigUsed  usblib.lib(usbringbuf.o)
    0x0000e97c   0x0000001a   Code   RO         6435    i.USBRingBufFlush   usblib.lib(usbringbuf.o)
    0x0000e996   0x00000016   Code   RO         6436    i.USBRingBufFree    usblib.lib(usbringbuf.o)
    0x0000e9ac   0x0000000c   Code   RO         6438    i.USBRingBufInit    usblib.lib(usbringbuf.o)
    0x0000e9b8   0x00000052   Code   RO         6439    i.USBRingBufRead    usblib.lib(usbringbuf.o)
    0x0000ea0a   0x00000014   Code   RO         6442    i.USBRingBufUsed    usblib.lib(usbringbuf.o)
    0x0000ea1e   0x00000050   Code   RO         6443    i.USBRingBufWrite   usblib.lib(usbringbuf.o)
    0x0000ea6e   0x00000002   PAD
    0x0000ea70   0x0000001c   Code   RO         5734    i.USBStackModeSet   usblib.lib(usbmode.o)
    0x0000ea8c   0x0000000e   Code   RO         4887    i.USBULPIDisable    driverlib.lib(usb.o)
    0x0000ea9a   0x0000000e   Code   RO         4888    i.USBULPIEnable     driverlib.lib(usb.o)
    0x0000eaa8   0x00000020   Code   RO         4889    i.USBULPIRegRead    driverlib.lib(usb.o)
    0x0000eac8   0x00000020   Code   RO         4890    i.USBULPIRegWrite   driverlib.lib(usb.o)
    0x0000eae8   0x00000054   Code   RO         2017    i.WCXY_Acc_Get_Task  drv_gps.o
    0x0000eb3c   0x00000030   Code   RO         3109    i.WCZ_Acc_Get_Task  ano_flightdatacal.o
    0x0000eb6c   0x00000258   Code   RO         2787    i.WCZ_Data_Calc     ano_motioncal.o
    0x0000edc4   0x00000058   Code   RO         2788    i.WCZ_Data_Reset    ano_motioncal.o
    0x0000ee1c   0x00000200   Code   RO         3110    i.WCZ_Fus_Task      ano_flightdatacal.o
    0x0000f01c   0x00000050   Code   RO         3640    i._GPIOIntNumberGet  driverlib.lib(gpio.o)
    0x0000f06c   0x0000000e   Code   RO         7146    i.__scatterload_copy  mc_w.l(handlers.o)
    0x0000f07a   0x00000002   Code   RO         7147    i.__scatterload_null  mc_w.l(handlers.o)
    0x0000f07c   0x0000000e   Code   RO         7148    i.__scatterload_zeroinit  mc_w.l(handlers.o)
    0x0000f08a   0x00000002   PAD
    0x0000f08c   0x00000060   Code   RO         2667    i.a2w_3d_trans      ano_imu.o
    0x0000f0ec   0x0000001c   Code   RO         1851    i.ak8975_Trig       drv_ak8975.o
    0x0000f108   0x00000030   Code   RO         1852    i.ak8975_enable     drv_ak8975.o
    0x0000f138   0x0000012c   Code   RO         2668    i.calculate_RPY     ano_imu.o
    0x0000f264   0x00000050   Code   RO          648    i.ch_watch_dog      ano_rc.o
    0x0000f2b4   0x00000024   Code   RO          649    i.ch_watch_dog_feed  ano_rc.o
    0x0000f2d8   0x00000024   Code   RO         3015    i.ctrl_parameter_change_task  ano_flightctrl.o
    0x0000f2fc   0x00000020   Code   RO         2349    i.data_save         ano_fcdata.o
    0x0000f31c   0x00000058   Code   RO          650    i.fail_safe         ano_rc.o
    0x0000f374   0x000000c4   Code   RO          651    i.fail_safe_check   ano_rc.o
    0x0000f438   0x0000017c   Code   RO         2505    i.fast_atan2        ano_math.o
    0x0000f5b4   0x00000080   Code   RO         2389    i.fix_inte_filter   ano_filter.o
    0x0000f634   0x00000028   Code   RO         2018    i.gps_baudrate_config  drv_gps.o
    0x0000f65c   0x00000040   Code   RO         2019    i.gps_config        drv_gps.o
    0x0000f69c   0x0000003e   Code   RO         2669    i.h2w_2d_trans      ano_imu.o
    0x0000f6da   0x00000002   Code   RO         6669    i.iDMAUSBArbSizeSet  usblib.lib(usbdma.o)
    0x0000f6dc   0x00000084   Code   RO         6670    i.iDMAUSBChannelAllocate  usblib.lib(usbdma.o)
    0x0000f760   0x00000034   Code   RO         6671    i.iDMAUSBChannelDisable  usblib.lib(usbdma.o)
    0x0000f794   0x00000052   Code   RO         6672    i.iDMAUSBChannelEnable  usblib.lib(usbdma.o)
    0x0000f7e6   0x00000008   Code   RO         6673    i.iDMAUSBChannelIntDisable  usblib.lib(usbdma.o)
    0x0000f7ee   0x00000008   Code   RO         6674    i.iDMAUSBChannelIntEnable  usblib.lib(usbdma.o)
    0x0000f7f6   0x0000003e   Code   RO         6675    i.iDMAUSBChannelRelease  usblib.lib(usbdma.o)
    0x0000f834   0x00000038   Code   RO         6676    i.iDMAUSBChannelStatus  usblib.lib(usbdma.o)
    0x0000f86c   0x00000006   Code   RO         6677    i.iDMAUSBIntStatus  usblib.lib(usbdma.o)
    0x0000f872   0x000000f4   Code   RO         6678    i.iDMAUSBTransfer   usblib.lib(usbdma.o)
    0x0000f966   0x00000002   Code   RO         6679    i.iDMAUSBUnitSizeSet  usblib.lib(usbdma.o)
    0x0000f968   0x00000008   Code   RO         1757    i.icm20602_INT_Config  drv_icm20602.o
    0x0000f970   0x0000002e   Code   RO         1758    i.icm20602_enable   drv_icm20602.o
    0x0000f99e   0x00000026   Code   RO         1759    i.icm20602_readbuf  drv_icm20602.o
    0x0000f9c4   0x0000003a   Code   RO         1760    i.icm20602_setIntEnabled  drv_icm20602.o
    0x0000f9fe   0x0000003c   Code   RO         1761    i.icm20602_writeBit  drv_icm20602.o
    0x0000fa3a   0x00000024   Code   RO         1762    i.icm20602_writebyte  drv_icm20602.o
    0x0000fa5e   0x0000008a   Code   RO         2390    i.inte_fix_filter   ano_filter.o
    0x0000fae8   0x000000c8   Code   RO         3016    i.land_discriminat  ano_flightctrl.o
    0x0000fbb0   0x00000154   Code   RO          741    i.ledBreath         ano_led.o
    0x0000fd04   0x00000044   Code   RO          742    i.ledFlash          ano_led.o
    0x0000fd48   0x00000040   Code   RO          743    i.ledOnOff          ano_led.o
    0x0000fd88   0x00000090   Code   RO         2507    i.length_limit      ano_math.o
    0x0000fe18   0x00000018   Code   RO            4    i.main              main.o
    0x0000fe30   0x00000128   Code   RO         2725    i.motionless_check  ano_sensor_basic.o
    0x0000ff58   0x000000f4   Code   RO         2726    i.mpu_auto_az       ano_sensor_basic.o
    0x0001004c   0x0000001a   Code   RO         2510    i.my_abs            ano_math.o
    0x00010066   0x00000036   Code   RO         2513    i.my_deadzone       ano_math.o
    0x0001009c   0x00000014   Code   RO         2516    i.my_sqrt           ano_math.o
    0x000100b0   0x00000050   Code   RO         2517    i.my_sqrt_reciprocal  ano_math.o
    0x00010100   0x0000000c   Code   RO         3017    i.one_key_land      ano_flightctrl.o
    0x0001010c   0x00000028   Code   RO         3019    i.one_key_take_off  ano_flightctrl.o
    0x00010134   0x0000004c   Code   RO         3020    i.one_key_take_off_task  ano_flightctrl.o
    0x00010180   0x000001bc   Code   RO         1902    i.spl0601_get_calib_param  drv_spl06.o
    0x0001033c   0x000000dc   Code   RO         1903    i.spl0601_get_pressure  drv_spl06.o
    0x00010418   0x00000064   Code   RO         1904    i.spl0601_get_raw_pressure  drv_spl06.o
    0x0001047c   0x00000068   Code   RO         1905    i.spl0601_get_raw_temp  drv_spl06.o
    0x000104e4   0x00000094   Code   RO         1906    i.spl0601_get_temperature  drv_spl06.o
    0x00010578   0x00000138   Code   RO         1907    i.spl0601_rateset   drv_spl06.o
    0x000106b0   0x00000024   Code   RO         1908    i.spl0601_read      drv_spl06.o
    0x000106d4   0x00000010   Code   RO         1909    i.spl0601_start_continuous  drv_spl06.o
    0x000106e4   0x00000020   Code   RO         1912    i.spl0601_write     drv_spl06.o
    0x00010704   0x00000030   Code   RO         1913    i.spl06_enable      drv_spl06.o
    0x00010734   0x0000017c   Code   RO          652    i.stick_function    ano_rc.o
    0x000108b0   0x00000042   Code   RO          653    i.stick_function_check  ano_rc.o
    0x000108f2   0x00000026   Code   RO          654    i.stick_function_check_longpress  ano_rc.o
    0x00010918   0x00000048   Code   RO         6926    i.uDMAChannelAttributeDisable  driverlib.lib(udma.o)
    0x00010960   0x00000020   Code   RO         6929    i.uDMAChannelControlSet  driverlib.lib(udma.o)
    0x00010980   0x00000014   Code   RO         6930    i.uDMAChannelDisable  driverlib.lib(udma.o)
    0x00010994   0x00000014   Code   RO         6931    i.uDMAChannelEnable  driverlib.lib(udma.o)
    0x000109a8   0x00000028   Code   RO         6933    i.uDMAChannelModeGet  driverlib.lib(udma.o)
    0x000109d0   0x00000080   Code   RO         6939    i.uDMAChannelTransferSet  driverlib.lib(udma.o)
    0x00010a50   0x00000068   Code   RO         6680    i.uDMAUSBArbSizeSet  usblib.lib(usbdma.o)
    0x00010ab8   0x000000c0   Code   RO         6681    i.uDMAUSBChannelAllocate  usblib.lib(usbdma.o)
    0x00010b78   0x00000058   Code   RO         6682    i.uDMAUSBChannelDisable  usblib.lib(usbdma.o)
    0x00010bd0   0x0000006a   Code   RO         6683    i.uDMAUSBChannelEnable  usblib.lib(usbdma.o)
    0x00010c3a   0x00000002   Code   RO         6684    i.uDMAUSBChannelIntDisable  usblib.lib(usbdma.o)
    0x00010c3c   0x00000002   Code   RO         6685    i.uDMAUSBChannelIntEnable  usblib.lib(usbdma.o)
    0x00010c3e   0x0000005a   Code   RO         6686    i.uDMAUSBChannelRelease  usblib.lib(usbdma.o)
    0x00010c98   0x00000026   Code   RO         6687    i.uDMAUSBChannelStatus  usblib.lib(usbdma.o)
    0x00010cbe   0x00000034   Code   RO         6688    i.uDMAUSBIntStatus  usblib.lib(usbdma.o)
    0x00010cf2   0x000000c8   Code   RO         6689    i.uDMAUSBTransfer   usblib.lib(usbdma.o)
    0x00010dba   0x00000054   Code   RO         6690    i.uDMAUSBUnitSizeSet  usblib.lib(usbdma.o)
    0x00010e0e   0x00000002   PAD
    0x00010e10   0x00000280   Code   RO          655    i.unlock            ano_rc.o
    0x00011090   0x0000001a   Code   RO         2519    i.vec_2_cross_product  ano_math.o
    0x000110aa   0x0000001a   Code   RO         2520    i.vec_2_dot_product  ano_math.o
    0x000110c4   0x0000003e   Code   RO         2670    i.w2h_2d_trans      ano_imu.o
    0x00011102   0x00000002   PAD
    0x00011104   0x000000d8   Data   RO         1195    .constdata          usb_serial_structs.o
    0x000111dc   0x0000008f   Data   RO         2021    .constdata          drv_gps.o
    0x0001126b   0x00000142   Data   RO         2276    .constdata          drv_up_flow.o
    0x000113ad   0x00000003   PAD
    0x000113b0   0x00000404   Data   RO         2523    .constdata          ano_math.o
    0x000117b4   0x00000228   Data   RO         3641    .constdata          driverlib.lib(gpio.o)
    0x000119dc   0x00000254   Data   RO         3955    .constdata          driverlib.lib(sysctl.o)
    0x00011c30   0x000000a0   Data   RO         4291    .constdata          driverlib.lib(timer.o)
    0x00011cd0   0x00000080   Data   RO         4542    .constdata          driverlib.lib(uart.o)
    0x00011d50   0x00000008   Data   RO         5534    .constdata          usblib.lib(usbdcdc.o)
    0x00011d58   0x00000008   Data   RO         5535    .constdata          usblib.lib(usbdcdc.o)
    0x00011d60   0x00000023   Data   RO         5536    .constdata          usblib.lib(usbdcdc.o)
    0x00011d83   0x00000001   PAD
    0x00011d84   0x00000008   Data   RO         5537    .constdata          usblib.lib(usbdcdc.o)
    0x00011d8c   0x00000017   Data   RO         5538    .constdata          usblib.lib(usbdcdc.o)
    0x00011da3   0x00000001   PAD
    0x00011da4   0x00000008   Data   RO         5539    .constdata          usblib.lib(usbdcdc.o)
    0x00011dac   0x00000017   Data   RO         5540    .constdata          usblib.lib(usbdcdc.o)
    0x00011dc3   0x00000001   PAD
    0x00011dc4   0x00000008   Data   RO         5541    .constdata          usblib.lib(usbdcdc.o)
    0x00011dcc   0x00000008   Data   RO         5542    .constdata          usblib.lib(usbdcdc.o)
    0x00011dd4   0x00000008   Data   RO         5543    .constdata          usblib.lib(usbdcdc.o)
    0x00011ddc   0x00000008   Data   RO         5544    .constdata          usblib.lib(usbdcdc.o)
    0x00011de4   0x00000008   Data   RO         5545    .constdata          usblib.lib(usbdcdc.o)
    0x00011dec   0x00000040   Data   RO         5546    .constdata          usblib.lib(usbdcdc.o)
    0x00011e2c   0x0000010c   Data   RO         5855    .constdata          driverlib.lib(interrupt.o)
    0x00011f38   0x00000034   Data   RO         5979    .constdata          usblib.lib(usbdenum.o)
    0x00011f6c   0x00000020   Data   RO         7144    Region$$Table       anon$$obj.o


    Execution Region ER_RW (Base: 0x20000000, Size: 0x00000a6c, Max: 0xffffffff, ABSOLUTE, COMPRESSED[0x000000fc])

    Base Addr    Size         Type   Attr      Idx    E Section Name        Object

    0x20000000   0x00000050   Data   RW          100    .data               ano_scheduler.o
    0x20000050   0x00000004   Data   RW          296    .data               ano_parameter.o
    0x20000054   0x00000005   Data   RW          359    .data               ano_flyctrl.o
    0x20000059   0x00000001   PAD
    0x2000005a   0x00000022   Data   RW          439    .data               ano_dt.o
    0x2000007c   0x0000001f   Data   RW          657    .data               ano_rc.o
    0x2000009b   0x00000001   PAD
    0x2000009c   0x00000027   Data   RW          745    .data               ano_led.o
    0x200000c3   0x00000001   PAD
    0x200000c4   0x00000011   Data   RW          805    .data               ano_usb.o
    0x200000d5   0x00000003   PAD
    0x200000d8   0x00000030   Data   RW          941    .data               ano_of_decofusion.o
    0x20000108   0x00000018   Data   RW         1016    .data               ano_opmv_cbtracking_ctrl.o
    0x20000120   0x0000001c   Data   RW         1068    .data               ano_opmv_linetracking_ctrl.o
    0x2000013c   0x00000003   Data   RW         1116    .data               ano_opmv_ctrl.o
    0x2000013f   0x00000001   PAD
    0x20000140   0x000000d0   Data   RW         1196    .data               usb_serial_structs.o
    0x20000210   0x00000009   Data   RW         1237    .data               drv_bsp.o
    0x20000219   0x00000003   PAD
    0x2000021c   0x00000004   Data   RW         1346    .data               drv_adc.o
    0x20000220   0x00000012   Data   RW         1465    .data               drv_rcin.o
    0x20000232   0x0000000a   Data   RW         1626    .data               drv_uart.o
    0x2000023c   0x00000001   Data   RW         1764    .data               drv_icm20602.o
    0x2000023d   0x00000006   Data   RW         1853    .data               drv_ak8975.o
    0x20000243   0x00000001   PAD
    0x20000244   0x00000020   Data   RW         1915    .data               drv_spl06.o
    0x20000264   0x00000019   Data   RW         2022    .data               drv_gps.o
    0x2000027d   0x00000003   PAD
    0x20000280   0x0000004e   Data   RW         2096    .data               ano_of.o
    0x200002ce   0x00000002   PAD
    0x200002d0   0x00000013   Data   RW         2186    .data               drv_heating.o
    0x200002e3   0x00000001   PAD
    0x200002e4   0x00000004   Data   RW         2231    .data               drv_openmv.o
    0x200002e8   0x00000004   Data   RW         2277    .data               drv_up_flow.o
    0x200002ec   0x00000006   Data   RW         2314    .data               drv_laser.o
    0x200002f2   0x00000008   Data   RW         2351    .data               ano_fcdata.o
    0x200002fa   0x00000002   PAD
    0x200002fc   0x00000154   Data   RW         2672    .data               ano_imu.o
    0x20000450   0x00000049   Data   RW         2728    .data               ano_sensor_basic.o
    0x20000499   0x00000003   PAD
    0x2000049c   0x0000001d   Data   RW         2790    .data               ano_motioncal.o
    0x200004b9   0x00000003   PAD
    0x200004bc   0x0000000e   Data   RW         2868    .data               ano_altctrl.o
    0x200004ca   0x00000002   PAD
    0x200004cc   0x00000010   Data   RW         2948    .data               ano_attctrl.o
    0x200004dc   0x0000002c   Data   RW         3022    .data               ano_flightctrl.o
    0x20000508   0x00000041   Data   RW         3111    .data               ano_flightdatacal.o
    0x20000549   0x00000003   PAD
    0x2000054c   0x00000036   Data   RW         3169    .data               ano_locctrl.o
    0x20000582   0x00000002   PAD
    0x20000584   0x00000020   Data   RW         3211    .data               ano_magprocess.o
    0x200005a4   0x00000014   Data   RW         3254    .data               ano_motorctrl.o
    0x200005b8   0x0000000c   Data   RW         3288    .data               ano_power.o
    0x200005c4   0x0000001d   Data   RW         5547    .data               usblib.lib(usbdcdc.o)
    0x200005e1   0x00000008   Data   RW         5548    .data               usblib.lib(usbdcdc.o)
    0x200005e9   0x00000003   PAD
    0x200005ec   0x0000000c   Data   RW         5549    .data               usblib.lib(usbdcdc.o)
    0x200005f8   0x0000000c   Data   RW         5550    .data               usblib.lib(usbdcdc.o)
    0x20000604   0x00000010   Data   RW         5551    .data               usblib.lib(usbdcdc.o)
    0x20000614   0x00000010   Data   RW         5552    .data               usblib.lib(usbdcdc.o)
    0x20000624   0x00000010   Data   RW         5735    .data               usblib.lib(usbmode.o)
    0x20000634   0x00000010   Data   RW         5980    .data               usblib.lib(usbdenum.o)
    0x20000644   0x00000008   Data   RW         6531    .data               usblib.lib(usbtick.o)
    0x2000064c   0x00000004   Data   RW         6532    .data               usblib.lib(usbtick.o)
    0x20000650   0x000001b0   PAD
    0x20000800   0x0000026c   Data   RW         5856    vtable              driverlib.lib(interrupt.o)


    Execution Region ER_ZI (Base: 0x20000a6c, Size: 0x00002a04, Max: 0xffffffff, ABSOLUTE)

    Base Addr    Size         Type   Attr      Idx    E Section Name        Object

    0x20000a6c   0x00000800   Zero   RW          295    .bss                ano_parameter.o
    0x2000126c   0x00000054   Zero   RW          358    .bss                ano_flyctrl.o
    0x200012c0   0x00000302   Zero   RW          438    .bss                ano_dt.o
    0x200015c2   0x00000024   Zero   RW          656    .bss                ano_rc.o
    0x200015e6   0x0000000f   Zero   RW          744    .bss                ano_led.o
    0x200015f5   0x00000003   PAD
    0x200015f8   0x00000020   Zero   RW          893    .bss                ano_programctrl_user.o
    0x20001618   0x00000054   Zero   RW          940    .bss                ano_of_decofusion.o
    0x2000166c   0x00000040   Zero   RW         1015    .bss                ano_opmv_cbtracking_ctrl.o
    0x200016ac   0x0000001c   Zero   RW         1067    .bss                ano_opmv_linetracking_ctrl.o
    0x200016c8   0x00000200   Zero   RW         1194    .bss                usb_serial_structs.o
    0x200018c8   0x00000059   Zero   RW         1464    .bss                drv_rcin.o
    0x20001921   0x00000500   Zero   RW         1625    .bss                drv_uart.o
    0x20001e21   0x0000000e   Zero   RW         1763    .bss                drv_icm20602.o
    0x20001e2f   0x00000001   PAD
    0x20001e30   0x0000002c   Zero   RW         1914    .bss                drv_spl06.o
    0x20001e5c   0x00000004   PAD
    0x20001e60   0x000000e8   Zero   RW         2020    .bss                drv_gps.o
    0x20001f48   0x00000032   Zero   RW         2095    .bss                ano_of.o
    0x20001f7a   0x00000002   PAD
    0x20001f7c   0x0000023c   Zero   RW         2143    .bss                ano_uwb.o
    0x200021b8   0x0000000c   Zero   RW         2185    .bss                drv_heating.o
    0x200021c4   0x0000002e   Zero   RW         2230    .bss                drv_openmv.o
    0x200021f2   0x0000001c   Zero   RW         2275    .bss                drv_up_flow.o
    0x2000220e   0x00000009   Zero   RW         2313    .bss                drv_laser.o
    0x20002217   0x00000001   PAD
    0x20002218   0x00000079   Zero   RW         2350    .bss                ano_fcdata.o
    0x20002291   0x00000003   PAD
    0x20002294   0x00000054   Zero   RW         2671    .bss                ano_imu.o
    0x200022e8   0x00000174   Zero   RW         2727    .bss                ano_sensor_basic.o
    0x2000245c   0x0000004c   Zero   RW         2789    .bss                ano_motioncal.o
    0x200024a8   0x00000080   Zero   RW         2867    .bss                ano_altctrl.o
    0x20002528   0x000001e8   Zero   RW         2947    .bss                ano_attctrl.o
    0x20002710   0x00000034   Zero   RW         3021    .bss                ano_flightctrl.o
    0x20002744   0x00000148   Zero   RW         3168    .bss                ano_locctrl.o
    0x2000288c   0x00000010   Zero   RW         3253    .bss                ano_motorctrl.o
    0x2000289c   0x00000090   Zero   RW         5978    .bss                usblib.lib(usbdenum.o)
    0x2000292c   0x00000030   Zero   RW         6530    .bss                usblib.lib(usbtick.o)
    0x2000295c   0x00000110   Zero   RW         6691    .bss                usblib.lib(usbdma.o)
    0x20002a6c   0x00000004   PAD
    0x20002a70   0x00000a00   Zero   RW         1146    STACK               startup_tm4c123.o


==============================================================================

Image component sizes


      Code (inc. data)   RO Data    RW Data    ZI Data      Debug   Object Name

      1604        198          0         14        128       4120   ano_altctrl.o
      2532        218          0         16        488       6979   ano_attctrl.o
      8636        376          0         34        770      25324   ano_dt.o
        40         10          0          8        121       3814   ano_fcdata.o
       266          0          0          0          0       3148   ano_filter.o
      2234        282          0         44         52       9756   ano_flightctrl.o
       880        166          0         65          0       5059   ano_flightdatacal.o
      2312        394          0          5         84       4130   ano_flyctrl.o
      2984        182          0        340         84       7583   ano_imu.o
      1528         86          0         39         15       5856   ano_led.o
      3540        290          0         54        328       4504   ano_locctrl.o
      1256        104          0         32          0       4691   ano_magprocess.o
       756         38       1028          0          0       6786   ano_math.o
       688         98          0         29         76       2257   ano_motioncal.o
       560         32          0         20         16       2499   ano_motorctrl.o
       864        126          0         78         50       4936   ano_of.o
      1480        156          0         48         84       7885   ano_of_decofusion.o
      1160        106          0         24         64       4968   ano_opmv_cbtracking_ctrl.o
       244         34          0          3          0       1467   ano_opmv_ctrl.o
       852         64          0         28         28       4279   ano_opmv_linetracking_ctrl.o
      1112        140          0          4       2048       6026   ano_parameter.o
       288          4          0          0          0       2064   ano_pid.o
       476         60          0         12          0       1166   ano_power.o
       136         24          0          0         32       2321   ano_programctrl_user.o
      1880        254          0         31         36       9670   ano_rc.o
       916         82          0         80          0      11303   ano_scheduler.o
      2080        176          0         73        372       7847   ano_sensor_basic.o
       408         62          0         17          0      16530   ano_usb.o
        96         14          0          0        572       2920   ano_uwb.o
       356         58          0          4          0       2072   drv_adc.o
       272         24          0          6          0       3730   drv_ak8975.o
       466         50          0          9          0      34009   drv_bsp.o
      1314        104        143         25        232       8681   drv_gps.o
       736        166          0         19         12       2691   drv_heating.o
       934         48          0          1         14       8559   drv_icm20602.o
       264         28          0          6          9       1927   drv_laser.o
       324         22          0          0          0       1277   drv_led.o
       512         36          0          4         46       4398   drv_openmv.o
        88         18          0          0          0       1677   drv_paramter.o
      1004         76          0          0          0       2225   drv_pwmout.o
      1208        108          0         18         89       5243   drv_rcin.o
       246         24          0          0          0       2330   drv_spi.o
      1796        112          0         32         44      10825   drv_spl06.o
      2060        280          0         10       1280      13047   drv_uart.o
       556         36        322          4         28       2661   drv_up_flow.o
        24          6          0          0          0      30523   main.o
       252         10        620          0       2560       5456   startup_tm4c123.o
       152         40          0          0          0        645   system_tm4c123.o
         0          0        216        208        512      27030   usb_serial_structs.o

    ----------------------------------------------------------------------
     54386       5022       2364       1476      10288     348894   Object Totals
         0          0         32          0          0          0   (incl. Generated)
        14          0          3         32         14          0   (incl. Padding)

    ----------------------------------------------------------------------

      Code (inc. data)   RO Data    RW Data    ZI Data      Debug   Library Member Name

       104         12          0          0          0       4777   adc.o
        38          0          0          0          0        572   cpu.o
       124         18        552          0          0       3222   gpio.o
       376         32        268        620          0       4387   interrupt.o
       456         48        596          0          0       4199   sysctl.o
       104         16        160          0          0       1767   timer.o
        88         18        128          0          0       1795   uart.o
       312         32          0          0          0       3961   udma.o
      1456         20          0          0          0      41796   usb.o
        86          0          0          0          0          0   __dczerorl2.o
         0          0          0          0          0          0   entry.o
         0          0          0          0          0          0   entry10a.o
         0          0          0          0          0          0   entry11a.o
         8          4          0          0          0          0   entry2.o
         4          0          0          0          0          0   entry5.o
         0          0          0          0          0          0   entry7b.o
         0          0          0          0          0          0   entry8b.o
         8          4          0          0          0          0   entry9a.o
        30          0          0          0          0          0   handlers.o
        36          8          0          0          0         68   init.o
         0          0          0          0          0          0   iusefp.o
        30          0          0          0          0         68   llshl.o
        36          0          0          0          0         68   llsshr.o
        32          0          0          0          0         68   llushr.o
        36          0          0          0          0         68   memcpya.o
        56          0          0          0          0         88   d2f.o
       334          0          0          0          0        148   dadd.o
       222          0          0          0          0        100   ddiv.o
       186          0          0          0          0        176   depilogue.o
        62          0          0          0          0         80   dfixi.o
        34          0          0          0          0         76   dflti.o
        26          0          0          0          0         76   dfltui.o
       228          0          0          0          0         96   dmul.o
        38          0          0          0          0         68   f2d.o
       110          0          0          0          0        168   fepilogue.o
       628          0          0          0          0      18924   usbbuffer.o
      2270         70        217         93          0      33677   usbdcdc.o
       456          0          0          0          0       4863   usbdcdesc.o
       616         12          0          0          0       3605   usbdconfig.o
      3336        270         52         16        144      20401   usbdenum.o
       100          0          0          0          0       2033   usbdesc.o
        24          4          0          0          0        551   usbdhandler.o
      2042        124          0          0        272      16032   usbdma.o
        28          4          0         16          0       1994   usbmode.o
       442          0          0          0          0      17166   usbringbuf.o
       164         28          0         12         48      16276   usbtick.o
        90          0          0          0          0        592   usbulpi.o

    ----------------------------------------------------------------------
     14886        724       1976       1192        468     204006   Library Totals
        30          0          3        435          4          0   (incl. Padding)

    ----------------------------------------------------------------------

      Code (inc. data)   RO Data    RW Data    ZI Data      Debug   Library Name

      3058        196       1704        620          0      66476   driverlib.lib
       306         16          0          0          0        340   mc_w.l
      1296          0          0          0          0       1076   mf_w.l
     10196        512        269        137        464     136114   usblib.lib

    ----------------------------------------------------------------------
     14886        724       1976       1192        468     204006   Library Totals

    ----------------------------------------------------------------------

==============================================================================


      Code (inc. data)   RO Data    RW Data    ZI Data      Debug   

     69272       5746       4340       2668      10756     513760   Grand Totals
     69272       5746       4340        252      10756     513760   ELF Image Totals (compressed)
     69272       5746       4340        252          0          0   ROM Totals

==============================================================================

    Total RO  Size (Code + RO Data)                73612 (  71.89kB)
    Total RW  Size (RW Data + ZI Data)             13424 (  13.11kB)
    Total ROM Size (Code + RO Data + RW Data)      73864 (  72.13kB)

==============================================================================

