<html>
<body>
<pre>
<h1>礦ision Build Log</h1>
<h2>Tool Versions:</h2>
IDE-Version: μVision V5.21.1.0
Copyright (C) 2016 ARM Ltd and ARM Germany GmbH. All rights reserved.
License Information: TIAN ztt, NANKAI, LIC=P6FUH-WXPUZ-9X9UW-QN1I9-E0BQX-Z9NUI
 
Tool Versions:
Toolchain:       MDK-ARM Professional  Version: 5.21a
Toolchain Path:  D:\ProgramFiles\KEIL\ARM\ARMCC\Bin
C Compiler:      Armcc.exe V5.06 update 3 (build 300)
Assembler:       Armasm.exe V5.06 update 3 (build 300)
Linker/Locator:  ArmLink.exe V5.06 update 3 (build 300)
Library Manager: ArmAr.exe V5.06 update 3 (build 300)
Hex Converter:   FromElf.exe V5.06 update 3 (build 300)
CPU DLL:         SARMCM3.DLL V5.21a
Dialog DLL:      DCM.DLL V1.13.8.0
Target DLL:      Segger\JL2CM3.dll V2.99.23.0
Dialog DLL:      TCM.DLL V1.14.14.0
 
<h2>Project:</h2>
C:\Users\ztt\Desktop\匿名拓空者Pro_TI版资料包_创\4：飞控源码、原理图\飞控源码\ANO_PioneerPro_Ti\ANO_PioneerPro_Ti.uvprojx
Project File Date:  08/07/2019

<h2>Output:</h2>
*** Using Compiler 'V5.06 update 3 (build 300)', folder: 'D:\ProgramFiles\KEIL\ARM\ARMCC\Bin'
Rebuild target 'AnoPioneerProTi'
compiling Ano_ProgramCtrl_User.c...
compiling Ano_FlyCtrl.c...
compiling main.c...
compiling Ano_OF_DecoFusion.c...
compiling Ano_LED.c...
compiling Ano_OPMV_CBTracking_Ctrl.c...
compiling Ano_Parameter.c...
compiling Ano_RC.c...
compiling Ano_Usb.c...
compiling Ano_Scheduler.c...
Application\Ano_Scheduler.c(108): warning:  #550-D: variable "t1_dT_s" was set but never used
  	float t1_dT_s;
Application\Ano_Scheduler.c(123): warning:  #550-D: variable "t2_dT_s" was set but never used
  	float t2_dT_s;
Application\Ano_Scheduler.c(229): warning:  #187-D: use of "=" where "==" may have been intended
  		if((ztt > 1400)&&(wcc = 1))
Application\Ano_Scheduler.c(179): warning:  #177-D: variable "dT_ms" was declared but never referenced
  	u8 dT_ms = 20;//(u8)(dT_us *1e-3f);
Application\Ano_Scheduler.c: 4 warnings, 0 errors
assembling startup_TM4C123.s...
compiling Ano_DT.c...
compiling usb_serial_structs.c...
compiling system_TM4C123.c...
compiling Ano_OPMV_Ctrl.c...
compiling Drv_Paramter.c...
compiling Drv_Led.c...
compiling Ano_OPMV_LineTracking_Ctrl.c...
compiling Drv_Adc.c...
compiling Drv_Bsp.c...
compiling Drv_RcIn.c...
compiling Drv_Spi.c...
compiling Drv_PwmOut.c...
compiling Drv_Uart.c...
compiling Drv_icm20602.c...
compiling Drv_ak8975.c...
compiling Drv_gps.c...
compiling Ano_OF.c...
Driver\SenserDriver\Ano_OF.c(37): warning:  #177-D: variable "anoof_data_ok" was declared but never referenced
  static u8 anoof_data_ok;
Driver\SenserDriver\Ano_OF.c: 1 warning, 0 errors
compiling Drv_spl06.c...
compiling Ano_UWB.c...
compiling Drv_OpenMV.c...
compiling Drv_heating.c...
compiling Drv_laser.c...
compiling Drv_UP_Flow.c...
compiling Ano_FcData.c...
compiling Ano_Filter.c...
compiling Ano_Pid.c...
compiling Ano_Math.c...
compiling Ano_Imu.c...
compiling Ano_Navigate.c...
compiling Ano_MotionCal.c...
compiling Ano_Sensor_Basic.c...
compiling Ano_AltCtrl.c...
compiling Ano_AttCtrl.c...
compiling Ano_FlightCtrl.c...
compiling Ano_FlightDataCal.c...
compiling Ano_LocCtrl.c...
compiling Ano_MagProcess.c...
compiling Ano_MotorCtrl.c...
compiling Ano_Power.c...
linking...
Program Size: Code=69272 RO-data=4340 RW-data=2668 ZI-data=10756  
".\build\ANO_PioneerPro_Ti.axf" - 0 Error(s), 5 Warning(s).

<h2>Collection of Component include folders:</h2>
  C:\Users\ztt\Desktop\匿名拓空者Pro_TI版资料包_创\4：飞控源码、原理图\飞控源码\ANO_PioneerPro_Ti\RTE
  D:\ProgramFiles\KEIL\ARM\PACK\Keil\TM4C_DFP\1.1.0\Device\Include\TM4C123

<h2>Collection of Component Files used:</h2>
Build Time Elapsed:  00:00:03
</pre>
</body>
</html>
